203.0.113.42 - - [10/Apr/2026:07:25:45 +0000] "GET /phpMyAdmin HTTP/1.1" 404 323 "-" "python-requests/2.28.0"
203.0.113.42 - - [10/Apr/2026:05:10:52 +0000] "GET /.env HTTP/1.1" 404 207 "-" "python-requests/2.28.0"
85.23.67.14 - - [10/Apr/2026:16:43:00 +0000] "GET /js/main.js HTTP/1.1" 200 1695 "-" "Mozilla/5.0 (Macintosh; Intel Mac OS X 10_15_7) Safari/605.1.15"
85.23.14.77 - - [10/Apr/2026:04:17:00 +0000] "GET /js/main.js HTTP/1.1" 200 2916 "-" "Mozilla/5.0 (Macintosh; Intel Mac OS X 10_15_7) Safari/605.1.15"
203.0.113.42 - - [10/Apr/2026:05:21:05 +0000] "GET /.git/config HTTP/1.1" 404 358 "-" "python-requests/2.28.0"
85.23.142.33 - - [10/Apr/2026:00:24:00 +0000] "GET /services HTTP/1.1" 200 1202 "-" "Mozilla/5.0 (X11; Linux x86_64; rv:109.0) Gecko/20100101 Firefox/115.0"
198.51.100.17 - - [10/Apr/2026:03:34:57 +0000] "POST /wp-login.php HTTP/1.1" 200 2911 "-" "Mozilla/5.0 (compatible; MJ12bot/v1.4.8)"
198.51.100.17 - - [10/Apr/2026:03:41:40 +0000] "POST /wp-login.php HTTP/1.1" 200 2526 "-" "Mozilla/5.0 (compatible; MJ12bot/v1.4.8)"
85.23.99.201 - - [10/Apr/2026:05:18:00 +0000] "GET /images/logo.png HTTP/1.1" 200 4587 "-" "Mozilla/5.0 (Windows NT 10.0; Win64; x64) AppleWebKit/537.36 Chrome/120.0"
85.23.201.88 - - [10/Apr/2026:04:53:00 +0000] "GET /css/style.css HTTP/1.1" 200 2837 "-" "Mozilla/5.0 (Macintosh; Intel Mac OS X 10_15_7) Safari/605.1.15"
85.23.99.201 - - [10/Apr/2026:03:38:00 +0000] "GET /about HTTP/1.1" 200 2836 "-" "Mozilla/5.0 (X11; Linux x86_64; rv:109.0) Gecko/20100101 Firefox/115.0"
85.23.99.201 - - [10/Apr/2026:13:16:00 +0000] "GET / HTTP/1.1" 200 2486 "-" "Mozilla/5.0 (Windows NT 10.0; Win64; x64) AppleWebKit/537.36 Chrome/120.0"
198.51.100.17 - - [10/Apr/2026:03:41:35 +0000] "POST /wp-login.php HTTP/1.1" 200 1851 "-" "Mozilla/5.0 (compatible; MJ12bot/v1.4.8)"
192.0.2.88 - - [10/Apr/2026:16:06:00 +0000] "GET /xmlrpc.php HTTP/1.1" 404 180 "-" "Nikto/2.1.6"
198.51.100.17 - - [10/Apr/2026:03:31:02 +0000] "POST /wp-login.php HTTP/1.1" 200 2069 "-" "Mozilla/5.0 (compatible; MJ12bot/v1.4.8)"
203.0.113.42 - - [10/Apr/2026:08:57:19 +0000] "GET /xmlrpc.php HTTP/1.1" 404 191 "-" "python-requests/2.28.0"
198.51.100.17 - - [10/Apr/2026:03:40:25 +0000] "POST /wp-login.php HTTP/1.1" 200 1264 "-" "Mozilla/5.0 (compatible; MJ12bot/v1.4.8)"
198.51.100.17 - - [10/Apr/2026:03:37:12 +0000] "POST /wp-login.php HTTP/1.1" 200 2506 "-" "Mozilla/5.0 (compatible; MJ12bot/v1.4.8)"
198.51.100.17 - - [10/Apr/2026:03:47:59 +0000] "POST /wp-login.php HTTP/1.1" 200 2158 "-" "Mozilla/5.0 (compatible; MJ12bot/v1.4.8)"
198.51.100.17 - - [10/Apr/2026:03:33:48 +0000] "POST /wp-login.php HTTP/1.1" 200 1758 "-" "Mozilla/5.0 (compatible; MJ12bot/v1.4.8)"
85.23.99.201 - - [10/Apr/2026:04:44:00 +0000] "GET /services HTTP/1.1" 200 3173 "-" "Mozilla/5.0 (Macintosh; Intel Mac OS X 10_15_7) Safari/605.1.15"
85.23.99.201 - - [10/Apr/2026:09:41:00 +0000] "GET /js/main.js HTTP/1.1" 200 2576 "-" "Mozilla/5.0 (X11; Linux x86_64; rv:109.0) Gecko/20100101 Firefox/115.0"
85.23.99.201 - - [10/Apr/2026:18:28:00 +0000] "GET /js/main.js HTTP/1.1" 200 3601 "-" "Mozilla/5.0 (Windows NT 10.0; Win64; x64) AppleWebKit/537.36 Chrome/120.0"
203.0.113.42 - - [10/Apr/2026:05:13:34 +0000] "GET /.env HTTP/1.1" 404 320 "-" "python-requests/2.28.0"
85.23.67.14 - - [10/Apr/2026:16:56:00 +0000] "GET /blog HTTP/1.1" 200 4978 "-" "Mozilla/5.0 (X11; Linux x86_64; rv:109.0) Gecko/20100101 Firefox/115.0"
85.23.99.201 - - [10/Apr/2026:19:59:00 +0000] "GET /index.html HTTP/1.1" 200 1155 "-" "Mozilla/5.0 (Macintosh; Intel Mac OS X 10_15_7) Safari/605.1.15"
203.0.113.42 - - [10/Apr/2026:06:09:03 +0000] "GET /phpMyAdmin HTTP/1.1" 404 397 "-" "python-requests/2.28.0"
85.23.142.33 - - [10/Apr/2026:08:24:00 +0000] "GET /about HTTP/1.1" 200 3095 "-" "Mozilla/5.0 (X11; Linux x86_64; rv:109.0) Gecko/20100101 Firefox/115.0"
198.51.100.17 - - [10/Apr/2026:03:40:51 +0000] "POST /wp-login.php HTTP/1.1" 200 2628 "-" "Mozilla/5.0 (compatible; MJ12bot/v1.4.8)"
203.0.113.42 - - [10/Apr/2026:06:50:54 +0000] "GET /wp-admin HTTP/1.1" 404 361 "-" "python-requests/2.28.0"
198.51.100.17 - - [10/Apr/2026:03:35:43 +0000] "POST /wp-login.php HTTP/1.1" 200 1217 "-" "Mozilla/5.0 (compatible; MJ12bot/v1.4.8)"
203.0.113.42 - - [10/Apr/2026:03:57:11 +0000] "GET /phpMyAdmin HTTP/1.1" 404 144 "-" "python-requests/2.28.0"
85.23.67.14 - - [10/Apr/2026:01:08:00 +0000] "GET /blog HTTP/1.1" 200 1932 "-" "Mozilla/5.0 (Windows NT 10.0; Win64; x64) AppleWebKit/537.36 Chrome/120.0"
198.51.100.17 - - [10/Apr/2026:03:42:33 +0000] "POST /wp-login.php HTTP/1.1" 200 1975 "-" "Mozilla/5.0 (compatible; MJ12bot/v1.4.8)"
198.51.100.17 - - [10/Apr/2026:03:38:55 +0000] "POST /wp-login.php HTTP/1.1" 200 2786 "-" "Mozilla/5.0 (compatible; MJ12bot/v1.4.8)"
198.51.100.17 - - [10/Apr/2026:03:35:28 +0000] "POST /wp-login.php HTTP/1.1" 200 1572 "-" "Mozilla/5.0 (compatible; MJ12bot/v1.4.8)"
203.0.113.42 - - [10/Apr/2026:03:19:48 +0000] "GET /wp-admin HTTP/1.1" 404 391 "-" "python-requests/2.28.0"
203.0.113.42 - - [10/Apr/2026:05:06:51 +0000] "GET /etc/passwd HTTP/1.1" 404 135 "-" "python-requests/2.28.0"
85.23.99.201 - - [10/Apr/2026:03:19:00 +0000] "GET /images/logo.png HTTP/1.1" 200 2509 "-" "Mozilla/5.0 (Macintosh; Intel Mac OS X 10_15_7) Safari/605.1.15"
198.51.100.17 - - [10/Apr/2026:03:47:21 +0000] "POST /wp-login.php HTTP/1.1" 200 2951 "-" "Mozilla/5.0 (compatible; MJ12bot/v1.4.8)"
198.51.100.17 - - [10/Apr/2026:03:34:26 +0000] "POST /wp-login.php HTTP/1.1" 200 2319 "-" "Mozilla/5.0 (compatible; MJ12bot/v1.4.8)"
198.51.100.17 - - [10/Apr/2026:03:33:58 +0000] "POST /wp-login.php HTTP/1.1" 200 1448 "-" "Mozilla/5.0 (compatible; MJ12bot/v1.4.8)"
198.51.100.17 - - [10/Apr/2026:03:32:43 +0000] "POST /wp-login.php HTTP/1.1" 200 1246 "-" "Mozilla/5.0 (compatible; MJ12bot/v1.4.8)"
85.23.14.77 - - [10/Apr/2026:03:01:00 +0000] "GET /index.html HTTP/1.1" 301 793 "-" "Mozilla/5.0 (X11; Linux x86_64; rv:109.0) Gecko/20100101 Firefox/115.0"
85.23.142.33 - - [10/Apr/2026:04:16:00 +0000] "GET /about HTTP/1.1" 200 4785 "-" "Mozilla/5.0 (X11; Linux x86_64; rv:109.0) Gecko/20100101 Firefox/115.0"
203.0.113.42 - - [10/Apr/2026:03:20:25 +0000] "GET /wp-admin HTTP/1.1" 404 121 "-" "python-requests/2.28.0"
198.51.100.17 - - [10/Apr/2026:03:43:27 +0000] "POST /wp-login.php HTTP/1.1" 200 2681 "-" "Mozilla/5.0 (compatible; MJ12bot/v1.4.8)"
85.23.201.88 - - [10/Apr/2026:04:06:00 +0000] "GET /contact HTTP/1.1" 200 702 "-" "Mozilla/5.0 (Macintosh; Intel Mac OS X 10_15_7) Safari/605.1.15"
198.51.100.17 - - [10/Apr/2026:03:36:50 +0000] "POST /wp-login.php HTTP/1.1" 200 1722 "-" "Mozilla/5.0 (compatible; MJ12bot/v1.4.8)"
198.51.100.17 - - [10/Apr/2026:03:32:11 +0000] "POST /wp-login.php HTTP/1.1" 200 1171 "-" "Mozilla/5.0 (compatible; MJ12bot/v1.4.8)"
198.51.100.17 - - [10/Apr/2026:03:32:24 +0000] "POST /wp-login.php HTTP/1.1" 200 2484 "-" "Mozilla/5.0 (compatible; MJ12bot/v1.4.8)"
203.0.113.42 - - [10/Apr/2026:04:14:22 +0000] "GET /phpMyAdmin HTTP/1.1" 404 310 "-" "python-requests/2.28.0"
198.51.100.17 - - [10/Apr/2026:03:46:36 +0000] "POST /wp-login.php HTTP/1.1" 200 2023 "-" "Mozilla/5.0 (compatible; MJ12bot/v1.4.8)"
85.23.14.77 - - [10/Apr/2026:09:06:00 +0000] "GET /services HTTP/1.1" 404 555 "-" "Mozilla/5.0 (Macintosh; Intel Mac OS X 10_15_7) Safari/605.1.15"
198.51.100.17 - - [10/Apr/2026:03:42:21 +0000] "POST /wp-login.php HTTP/1.1" 200 2277 "-" "Mozilla/5.0 (compatible; MJ12bot/v1.4.8)"
198.51.100.17 - - [10/Apr/2026:03:36:35 +0000] "POST /wp-login.php HTTP/1.1" 200 2712 "-" "Mozilla/5.0 (compatible; MJ12bot/v1.4.8)"
198.51.100.17 - - [10/Apr/2026:03:47:42 +0000] "POST /wp-login.php HTTP/1.1" 200 2645 "-" "Mozilla/5.0 (compatible; MJ12bot/v1.4.8)"
85.23.14.77 - - [10/Apr/2026:04:31:00 +0000] "GET /images/logo.png HTTP/1.1" 200 539 "-" "Mozilla/5.0 (Macintosh; Intel Mac OS X 10_15_7) Safari/605.1.15"
198.51.100.17 - - [10/Apr/2026:03:31:22 +0000] "POST /wp-login.php HTTP/1.1" 200 1520 "-" "Mozilla/5.0 (compatible; MJ12bot/v1.4.8)"
203.0.113.42 - - [10/Apr/2026:06:28:06 +0000] "GET /phpMyAdmin HTTP/1.1" 404 128 "-" "python-requests/2.28.0"
198.51.100.17 - - [10/Apr/2026:03:46:12 +0000] "POST /wp-login.php HTTP/1.1" 200 1248 "-" "Mozilla/5.0 (compatible; MJ12bot/v1.4.8)"
85.23.14.77 - - [10/Apr/2026:20:58:00 +0000] "GET /blog HTTP/1.1" 200 2944 "-" "Mozilla/5.0 (X11; Linux x86_64; rv:109.0) Gecko/20100101 Firefox/115.0"
85.23.14.77 - - [10/Apr/2026:04:13:00 +0000] "GET / HTTP/1.1" 200 3223 "-" "Mozilla/5.0 (Windows NT 10.0; Win64; x64) AppleWebKit/537.36 Chrome/120.0"
85.23.142.33 - - [10/Apr/2026:14:07:00 +0000] "GET /images/logo.png HTTP/1.1" 200 1459 "-" "Mozilla/5.0 (X11; Linux x86_64; rv:109.0) Gecko/20100101 Firefox/115.0"
85.23.14.77 - - [10/Apr/2026:06:46:00 +0000] "GET /js/main.js HTTP/1.1" 200 803 "-" "Mozilla/5.0 (Windows NT 10.0; Win64; x64) AppleWebKit/537.36 Chrome/120.0"
198.51.100.17 - - [10/Apr/2026:03:32:12 +0000] "POST /wp-login.php HTTP/1.1" 200 2238 "-" "Mozilla/5.0 (compatible; MJ12bot/v1.4.8)"
198.51.100.17 - - [10/Apr/2026:03:36:51 +0000] "POST /wp-login.php HTTP/1.1" 200 1897 "-" "Mozilla/5.0 (compatible; MJ12bot/v1.4.8)"
198.51.100.17 - - [10/Apr/2026:03:43:35 +0000] "POST /wp-login.php HTTP/1.1" 200 2469 "-" "Mozilla/5.0 (compatible; MJ12bot/v1.4.8)"
198.51.100.17 - - [10/Apr/2026:03:39:46 +0000] "POST /wp-login.php HTTP/1.1" 200 2754 "-" "Mozilla/5.0 (compatible; MJ12bot/v1.4.8)"
85.23.14.77 - - [10/Apr/2026:15:14:00 +0000] "GET /images/logo.png HTTP/1.1" 200 4063 "-" "Mozilla/5.0 (X11; Linux x86_64; rv:109.0) Gecko/20100101 Firefox/115.0"
85.23.201.88 - - [10/Apr/2026:22:49:00 +0000] "GET /about HTTP/1.1" 200 3451 "-" "Mozilla/5.0 (Macintosh; Intel Mac OS X 10_15_7) Safari/605.1.15"
198.51.100.17 - - [10/Apr/2026:03:41:38 +0000] "POST /wp-login.php HTTP/1.1" 200 2326 "-" "Mozilla/5.0 (compatible; MJ12bot/v1.4.8)"
85.23.99.201 - - [10/Apr/2026:19:37:00 +0000] "GET /about HTTP/1.1" 200 1074 "-" "Mozilla/5.0 (X11; Linux x86_64; rv:109.0) Gecko/20100101 Firefox/115.0"
85.23.67.14 - - [10/Apr/2026:21:54:00 +0000] "GET / HTTP/1.1" 200 3232 "-" "Mozilla/5.0 (Macintosh; Intel Mac OS X 10_15_7) Safari/605.1.15"
203.0.113.42 - - [10/Apr/2026:04:00:49 +0000] "GET /.git/config HTTP/1.1" 404 360 "-" "python-requests/2.28.0"
85.23.67.14 - - [10/Apr/2026:06:23:00 +0000] "GET /favicon.ico HTTP/1.1" 200 2763 "-" "Mozilla/5.0 (X11; Linux x86_64; rv:109.0) Gecko/20100101 Firefox/115.0"
203.0.113.42 - - [10/Apr/2026:03:23:54 +0000] "GET /.git/config HTTP/1.1" 404 163 "-" "python-requests/2.28.0"
203.0.113.42 - - [10/Apr/2026:07:53:54 +0000] "GET /phpMyAdmin HTTP/1.1" 404 243 "-" "python-requests/2.28.0"
85.23.67.14 - - [10/Apr/2026:13:50:00 +0000] "GET /contact HTTP/1.1" 200 2454 "-" "Mozilla/5.0 (Windows NT 10.0; Win64; x64) AppleWebKit/537.36 Chrome/120.0"
198.51.100.17 - - [10/Apr/2026:03:37:30 +0000] "POST /wp-login.php HTTP/1.1" 200 2627 "-" "Mozilla/5.0 (compatible; MJ12bot/v1.4.8)"
203.0.113.42 - - [10/Apr/2026:05:59:08 +0000] "GET /etc/passwd HTTP/1.1" 404 113 "-" "python-requests/2.28.0"
203.0.113.42 - - [10/Apr/2026:03:19:03 +0000] "GET /phpMyAdmin HTTP/1.1" 404 103 "-" "python-requests/2.28.0"
198.51.100.17 - - [10/Apr/2026:03:36:14 +0000] "POST /wp-login.php HTTP/1.1" 200 1282 "-" "Mozilla/5.0 (compatible; MJ12bot/v1.4.8)"
85.23.201.88 - - [10/Apr/2026:18:48:00 +0000] "GET /blog HTTP/1.1" 200 558 "-" "Mozilla/5.0 (Windows NT 10.0; Win64; x64) AppleWebKit/537.36 Chrome/120.0"
198.51.100.17 - - [10/Apr/2026:03:41:55 +0000] "POST /wp-login.php HTTP/1.1" 200 2345 "-" "Mozilla/5.0 (compatible; MJ12bot/v1.4.8)"
198.51.100.17 - - [10/Apr/2026:03:38:40 +0000] "POST /wp-login.php HTTP/1.1" 200 1286 "-" "Mozilla/5.0 (compatible; MJ12bot/v1.4.8)"
203.0.113.42 - - [10/Apr/2026:05:35:20 +0000] "GET /etc/passwd HTTP/1.1" 404 141 "-" "python-requests/2.28.0"
198.51.100.17 - - [10/Apr/2026:03:35:34 +0000] "POST /wp-login.php HTTP/1.1" 200 2551 "-" "Mozilla/5.0 (compatible; MJ12bot/v1.4.8)"
198.51.100.17 - - [10/Apr/2026:03:41:41 +0000] "POST /wp-login.php HTTP/1.1" 200 1065 "-" "Mozilla/5.0 (compatible; MJ12bot/v1.4.8)"
198.51.100.17 - - [10/Apr/2026:03:36:36 +0000] "POST /wp-login.php HTTP/1.1" 200 2646 "-" "Mozilla/5.0 (compatible; MJ12bot/v1.4.8)"
198.51.100.17 - - [10/Apr/2026:03:34:44 +0000] "POST /wp-login.php HTTP/1.1" 200 1646 "-" "Mozilla/5.0 (compatible; MJ12bot/v1.4.8)"
203.0.113.42 - - [10/Apr/2026:06:02:20 +0000] "GET /etc/passwd HTTP/1.1" 404 247 "-" "python-requests/2.28.0"
85.23.142.33 - - [10/Apr/2026:12:46:00 +0000] "GET /js/main.js HTTP/1.1" 200 1922 "-" "Mozilla/5.0 (Windows NT 10.0; Win64; x64) AppleWebKit/537.36 Chrome/120.0"
203.0.113.42 - - [10/Apr/2026:06:59:02 +0000] "GET /xmlrpc.php HTTP/1.1" 404 180 "-" "python-requests/2.28.0"
203.0.113.42 - - [10/Apr/2026:07:48:46 +0000] "GET /.git/config HTTP/1.1" 404 303 "-" "python-requests/2.28.0"
203.0.113.42 - - [10/Apr/2026:03:03:56 +0000] "GET /etc/passwd HTTP/1.1" 404 223 "-" "python-requests/2.28.0"
85.23.67.14 - - [10/Apr/2026:09:00:00 +0000] "GET / HTTP/1.1" 200 4182 "-" "Mozilla/5.0 (X11; Linux x86_64; rv:109.0) Gecko/20100101 Firefox/115.0"
85.23.67.14 - - [10/Apr/2026:22:53:00 +0000] "GET /contact HTTP/1.1" 200 2359 "-" "Mozilla/5.0 (Macintosh; Intel Mac OS X 10_15_7) Safari/605.1.15"
203.0.113.42 - - [10/Apr/2026:07:15:43 +0000] "GET /xmlrpc.php HTTP/1.1" 404 122 "-" "python-requests/2.28.0"
203.0.113.42 - - [10/Apr/2026:07:30:57 +0000] "GET /phpMyAdmin HTTP/1.1" 404 287 "-" "python-requests/2.28.0"
85.23.67.14 - - [10/Apr/2026:12:26:00 +0000] "GET /contact HTTP/1.1" 200 1062 "-" "Mozilla/5.0 (Macintosh; Intel Mac OS X 10_15_7) Safari/605.1.15"
85.23.142.33 - - [10/Apr/2026:03:56:00 +0000] "GET /index.html HTTP/1.1" 301 890 "-" "Mozilla/5.0 (Windows NT 10.0; Win64; x64) AppleWebKit/537.36 Chrome/120.0"
85.23.14.77 - - [10/Apr/2026:23:23:00 +0000] "GET /favicon.ico HTTP/1.1" 200 1470 "-" "Mozilla/5.0 (X11; Linux x86_64; rv:109.0) Gecko/20100101 Firefox/115.0"
85.23.14.77 - - [10/Apr/2026:06:13:00 +0000] "GET /images/logo.png HTTP/1.1" 301 680 "-" "Mozilla/5.0 (Windows NT 10.0; Win64; x64) AppleWebKit/537.36 Chrome/120.0"
85.23.67.14 - - [10/Apr/2026:18:36:00 +0000] "GET /css/style.css HTTP/1.1" 200 4793 "-" "Mozilla/5.0 (Macintosh; Intel Mac OS X 10_15_7) Safari/605.1.15"
198.51.100.17 - - [10/Apr/2026:03:45:35 +0000] "POST /wp-login.php HTTP/1.1" 200 1239 "-" "Mozilla/5.0 (compatible; MJ12bot/v1.4.8)"
85.23.201.88 - - [10/Apr/2026:07:56:00 +0000] "GET /about HTTP/1.1" 200 4409 "-" "Mozilla/5.0 (X11; Linux x86_64; rv:109.0) Gecko/20100101 Firefox/115.0"
85.23.99.201 - - [10/Apr/2026:10:17:00 +0000] "GET /services HTTP/1.1" 200 3508 "-" "Mozilla/5.0 (Windows NT 10.0; Win64; x64) AppleWebKit/537.36 Chrome/120.0"
203.0.113.42 - - [10/Apr/2026:05:47:17 +0000] "GET /.git/config HTTP/1.1" 404 396 "-" "python-requests/2.28.0"
198.51.100.17 - - [10/Apr/2026:03:39:59 +0000] "POST /wp-login.php HTTP/1.1" 200 1528 "-" "Mozilla/5.0 (compatible; MJ12bot/v1.4.8)"
85.23.14.77 - - [10/Apr/2026:03:40:00 +0000] "GET /services HTTP/1.1" 301 4962 "-" "Mozilla/5.0 (X11; Linux x86_64; rv:109.0) Gecko/20100101 Firefox/115.0"
203.0.113.42 - - [10/Apr/2026:06:48:16 +0000] "GET /wp-admin HTTP/1.1" 404 207 "-" "python-requests/2.28.0"
85.23.99.201 - - [10/Apr/2026:14:19:00 +0000] "GET /contact HTTP/1.1" 200 2945 "-" "Mozilla/5.0 (X11; Linux x86_64; rv:109.0) Gecko/20100101 Firefox/115.0"
203.0.113.42 - - [10/Apr/2026:07:39:23 +0000] "GET /.env HTTP/1.1" 404 167 "-" "python-requests/2.28.0"
198.51.100.17 - - [10/Apr/2026:03:46:14 +0000] "POST /wp-login.php HTTP/1.1" 200 1405 "-" "Mozilla/5.0 (compatible; MJ12bot/v1.4.8)"
85.23.67.14 - - [10/Apr/2026:22:17:00 +0000] "GET /blog HTTP/1.1" 301 1200 "-" "Mozilla/5.0 (Windows NT 10.0; Win64; x64) AppleWebKit/537.36 Chrome/120.0"
203.0.113.42 - - [10/Apr/2026:06:51:20 +0000] "GET /phpMyAdmin HTTP/1.1" 404 191 "-" "python-requests/2.28.0"
85.23.14.77 - - [10/Apr/2026:03:37:00 +0000] "GET /about HTTP/1.1" 301 2722 "-" "Mozilla/5.0 (Windows NT 10.0; Win64; x64) AppleWebKit/537.36 Chrome/120.0"
203.0.113.42 - - [10/Apr/2026:05:29:52 +0000] "GET /phpMyAdmin HTTP/1.1" 404 238 "-" "python-requests/2.28.0"
198.51.100.17 - - [10/Apr/2026:03:47:03 +0000] "POST /wp-login.php HTTP/1.1" 200 2153 "-" "Mozilla/5.0 (compatible; MJ12bot/v1.4.8)"
198.51.100.17 - - [10/Apr/2026:03:42:02 +0000] "POST /wp-login.php HTTP/1.1" 200 2115 "-" "Mozilla/5.0 (compatible; MJ12bot/v1.4.8)"
198.51.100.17 - - [10/Apr/2026:03:32:37 +0000] "POST /wp-login.php HTTP/1.1" 200 1808 "-" "Mozilla/5.0 (compatible; MJ12bot/v1.4.8)"
85.23.14.77 - - [10/Apr/2026:15:29:00 +0000] "GET /js/main.js HTTP/1.1" 200 3091 "-" "Mozilla/5.0 (X11; Linux x86_64; rv:109.0) Gecko/20100101 Firefox/115.0"
198.51.100.17 - - [10/Apr/2026:03:36:47 +0000] "POST /wp-login.php HTTP/1.1" 200 1651 "-" "Mozilla/5.0 (compatible; MJ12bot/v1.4.8)"
203.0.113.42 - - [10/Apr/2026:03:27:29 +0000] "GET /phpMyAdmin HTTP/1.1" 404 378 "-" "python-requests/2.28.0"
198.51.100.17 - - [10/Apr/2026:03:44:19 +0000] "POST /wp-login.php HTTP/1.1" 200 1255 "-" "Mozilla/5.0 (compatible; MJ12bot/v1.4.8)"
198.51.100.17 - - [10/Apr/2026:03:33:22 +0000] "POST /wp-login.php HTTP/1.1" 200 2502 "-" "Mozilla/5.0 (compatible; MJ12bot/v1.4.8)"
198.51.100.17 - - [10/Apr/2026:03:34:14 +0000] "POST /wp-login.php HTTP/1.1" 200 1432 "-" "Mozilla/5.0 (compatible; MJ12bot/v1.4.8)"
203.0.113.42 - - [10/Apr/2026:05:04:28 +0000] "GET /.git/config HTTP/1.1" 404 146 "-" "python-requests/2.28.0"
203.0.113.42 - - [10/Apr/2026:07:43:16 +0000] "GET /.env HTTP/1.1" 404 267 "-" "python-requests/2.28.0"
203.0.113.42 - - [10/Apr/2026:04:54:37 +0000] "GET /.git/config HTTP/1.1" 404 330 "-" "python-requests/2.28.0"
85.23.142.33 - - [10/Apr/2026:11:34:00 +0000] "GET / HTTP/1.1" 200 4527 "-" "Mozilla/5.0 (Windows NT 10.0; Win64; x64) AppleWebKit/537.36 Chrome/120.0"
198.51.100.17 - - [10/Apr/2026:03:42:41 +0000] "POST /wp-login.php HTTP/1.1" 200 1711 "-" "Mozilla/5.0 (compatible; MJ12bot/v1.4.8)"
85.23.99.201 - - [10/Apr/2026:04:50:00 +0000] "GET /favicon.ico HTTP/1.1" 200 946 "-" "Mozilla/5.0 (Macintosh; Intel Mac OS X 10_15_7) Safari/605.1.15"
85.23.142.33 - - [10/Apr/2026:18:38:00 +0000] "GET /css/style.css HTTP/1.1" 200 2486 "-" "Mozilla/5.0 (Windows NT 10.0; Win64; x64) AppleWebKit/537.36 Chrome/120.0"
203.0.113.42 - - [10/Apr/2026:03:49:39 +0000] "GET /xmlrpc.php HTTP/1.1" 404 243 "-" "python-requests/2.28.0"
85.23.67.14 - - [10/Apr/2026:17:00:00 +0000] "GET /css/style.css HTTP/1.1" 200 1398 "-" "Mozilla/5.0 (Macintosh; Intel Mac OS X 10_15_7) Safari/605.1.15"
203.0.113.42 - - [10/Apr/2026:08:56:18 +0000] "GET /.git/config HTTP/1.1" 404 110 "-" "python-requests/2.28.0"
198.51.100.17 - - [10/Apr/2026:03:42:44 +0000] "POST /wp-login.php HTTP/1.1" 200 1686 "-" "Mozilla/5.0 (compatible; MJ12bot/v1.4.8)"
198.51.100.17 - - [10/Apr/2026:03:42:19 +0000] "POST /wp-login.php HTTP/1.1" 200 2380 "-" "Mozilla/5.0 (compatible; MJ12bot/v1.4.8)"
85.23.14.77 - - [10/Apr/2026:01:24:00 +0000] "GET /contact HTTP/1.1" 200 2529 "-" "Mozilla/5.0 (X11; Linux x86_64; rv:109.0) Gecko/20100101 Firefox/115.0"
198.51.100.17 - - [10/Apr/2026:03:39:32 +0000] "POST /wp-login.php HTTP/1.1" 200 2985 "-" "Mozilla/5.0 (compatible; MJ12bot/v1.4.8)"
198.51.100.17 - - [10/Apr/2026:03:45:48 +0000] "POST /wp-login.php HTTP/1.1" 200 2918 "-" "Mozilla/5.0 (compatible; MJ12bot/v1.4.8)"
203.0.113.42 - - [10/Apr/2026:04:51:06 +0000] "GET /xmlrpc.php HTTP/1.1" 404 324 "-" "python-requests/2.28.0"
85.23.14.77 - - [10/Apr/2026:04:50:00 +0000] "GET / HTTP/1.1" 200 3961 "-" "Mozilla/5.0 (Macintosh; Intel Mac OS X 10_15_7) Safari/605.1.15"
198.51.100.17 - - [10/Apr/2026:03:35:28 +0000] "POST /wp-login.php HTTP/1.1" 200 2862 "-" "Mozilla/5.0 (compatible; MJ12bot/v1.4.8)"
203.0.113.42 - - [10/Apr/2026:05:44:21 +0000] "GET /phpMyAdmin HTTP/1.1" 404 250 "-" "python-requests/2.28.0"
85.23.201.88 - - [10/Apr/2026:06:16:00 +0000] "GET /about HTTP/1.1" 404 2758 "-" "Mozilla/5.0 (Windows NT 10.0; Win64; x64) AppleWebKit/537.36 Chrome/120.0"
198.51.100.17 - - [10/Apr/2026:03:34:40 +0000] "POST /wp-login.php HTTP/1.1" 200 2318 "-" "Mozilla/5.0 (compatible; MJ12bot/v1.4.8)"
198.51.100.17 - - [10/Apr/2026:03:35:45 +0000] "POST /wp-login.php HTTP/1.1" 200 2191 "-" "Mozilla/5.0 (compatible; MJ12bot/v1.4.8)"
85.23.14.77 - - [10/Apr/2026:20:59:00 +0000] "GET /about HTTP/1.1" 200 3812 "-" "Mozilla/5.0 (Macintosh; Intel Mac OS X 10_15_7) Safari/605.1.15"
192.0.2.88 - - [10/Apr/2026:18:36:00 +0000] "GET /wp-admin HTTP/1.1" 404 180 "-" "Nikto/2.1.6"
198.51.100.17 - - [10/Apr/2026:03:42:01 +0000] "POST /wp-login.php HTTP/1.1" 200 2859 "-" "Mozilla/5.0 (compatible; MJ12bot/v1.4.8)"
85.23.67.14 - - [10/Apr/2026:14:54:00 +0000] "GET /js/main.js HTTP/1.1" 200 3262 "-" "Mozilla/5.0 (Windows NT 10.0; Win64; x64) AppleWebKit/537.36 Chrome/120.0"
198.51.100.17 - - [10/Apr/2026:03:39:14 +0000] "POST /wp-login.php HTTP/1.1" 200 2504 "-" "Mozilla/5.0 (compatible; MJ12bot/v1.4.8)"
85.23.201.88 - - [10/Apr/2026:07:44:00 +0000] "GET /favicon.ico HTTP/1.1" 200 1903 "-" "Mozilla/5.0 (Windows NT 10.0; Win64; x64) AppleWebKit/537.36 Chrome/120.0"
198.51.100.17 - - [10/Apr/2026:03:41:03 +0000] "POST /wp-login.php HTTP/1.1" 200 1262 "-" "Mozilla/5.0 (compatible; MJ12bot/v1.4.8)"
203.0.113.42 - - [10/Apr/2026:05:27:47 +0000] "GET /xmlrpc.php HTTP/1.1" 404 300 "-" "python-requests/2.28.0"
198.51.100.17 - - [10/Apr/2026:03:46:06 +0000] "POST /wp-login.php HTTP/1.1" 200 2766 "-" "Mozilla/5.0 (compatible; MJ12bot/v1.4.8)"
198.51.100.17 - - [10/Apr/2026:03:46:08 +0000] "POST /wp-login.php HTTP/1.1" 200 1841 "-" "Mozilla/5.0 (compatible; MJ12bot/v1.4.8)"
198.51.100.17 - - [10/Apr/2026:03:48:09 +0000] "POST /wp-login.php HTTP/1.1" 200 2456 "-" "Mozilla/5.0 (compatible; MJ12bot/v1.4.8)"
203.0.113.42 - - [10/Apr/2026:03:21:21 +0000] "GET /wp-admin HTTP/1.1" 404 365 "-" "python-requests/2.28.0"
198.51.100.17 - - [10/Apr/2026:03:33:20 +0000] "POST /wp-login.php HTTP/1.1" 200 2431 "-" "Mozilla/5.0 (compatible; MJ12bot/v1.4.8)"
198.51.100.17 - - [10/Apr/2026:03:31:20 +0000] "POST /wp-login.php HTTP/1.1" 200 1228 "-" "Mozilla/5.0 (compatible; MJ12bot/v1.4.8)"
203.0.113.42 - - [10/Apr/2026:06:07:44 +0000] "GET /wp-admin HTTP/1.1" 404 303 "-" "python-requests/2.28.0"
203.0.113.42 - - [10/Apr/2026:05:58:14 +0000] "GET /phpMyAdmin HTTP/1.1" 404 358 "-" "python-requests/2.28.0"
85.23.14.77 - - [10/Apr/2026:06:32:00 +0000] "GET /favicon.ico HTTP/1.1" 200 4808 "-" "Mozilla/5.0 (Windows NT 10.0; Win64; x64) AppleWebKit/537.36 Chrome/120.0"
203.0.113.42 - - [10/Apr/2026:08:52:26 +0000] "GET /xmlrpc.php HTTP/1.1" 404 338 "-" "python-requests/2.28.0"
85.23.142.33 - - [10/Apr/2026:09:04:00 +0000] "GET /services HTTP/1.1" 200 4210 "-" "Mozilla/5.0 (Windows NT 10.0; Win64; x64) AppleWebKit/537.36 Chrome/120.0"
198.51.100.17 - - [10/Apr/2026:03:45:38 +0000] "POST /wp-login.php HTTP/1.1" 200 1164 "-" "Mozilla/5.0 (compatible; MJ12bot/v1.4.8)"
85.23.67.14 - - [10/Apr/2026:22:46:00 +0000] "GET /js/main.js HTTP/1.1" 200 1810 "-" "Mozilla/5.0 (X11; Linux x86_64; rv:109.0) Gecko/20100101 Firefox/115.0"
198.51.100.17 - - [10/Apr/2026:03:49:53 +0000] "POST /wp-login.php HTTP/1.1" 200 1256 "-" "Mozilla/5.0 (compatible; MJ12bot/v1.4.8)"
203.0.113.42 - - [10/Apr/2026:06:53:17 +0000] "GET /xmlrpc.php HTTP/1.1" 404 329 "-" "python-requests/2.28.0"
85.23.201.88 - - [10/Apr/2026:11:52:00 +0000] "GET /favicon.ico HTTP/1.1" 404 4502 "-" "Mozilla/5.0 (Macintosh; Intel Mac OS X 10_15_7) Safari/605.1.15"
198.51.100.17 - - [10/Apr/2026:03:40:14 +0000] "POST /wp-login.php HTTP/1.1" 200 2777 "-" "Mozilla/5.0 (compatible; MJ12bot/v1.4.8)"
198.51.100.17 - - [10/Apr/2026:03:38:24 +0000] "POST /wp-login.php HTTP/1.1" 200 1182 "-" "Mozilla/5.0 (compatible; MJ12bot/v1.4.8)"
85.23.99.201 - - [10/Apr/2026:06:28:00 +0000] "GET /index.html HTTP/1.1" 200 4017 "-" "Mozilla/5.0 (Macintosh; Intel Mac OS X 10_15_7) Safari/605.1.15"
198.51.100.17 - - [10/Apr/2026:03:45:12 +0000] "POST /wp-login.php HTTP/1.1" 200 1425 "-" "Mozilla/5.0 (compatible; MJ12bot/v1.4.8)"
85.23.99.201 - - [10/Apr/2026:18:13:00 +0000] "GET /about HTTP/1.1" 200 2925 "-" "Mozilla/5.0 (Windows NT 10.0; Win64; x64) AppleWebKit/537.36 Chrome/120.0"
203.0.113.42 - - [10/Apr/2026:04:57:12 +0000] "GET /.git/config HTTP/1.1" 404 382 "-" "python-requests/2.28.0"
203.0.113.42 - - [10/Apr/2026:06:14:48 +0000] "GET /wp-admin HTTP/1.1" 404 249 "-" "python-requests/2.28.0"
85.23.142.33 - - [10/Apr/2026:05:37:00 +0000] "GET / HTTP/1.1" 404 2029 "-" "Mozilla/5.0 (Windows NT 10.0; Win64; x64) AppleWebKit/537.36 Chrome/120.0"
203.0.113.42 - - [10/Apr/2026:06:25:23 +0000] "GET /.env HTTP/1.1" 404 137 "-" "python-requests/2.28.0"
198.51.100.17 - - [10/Apr/2026:03:48:14 +0000] "POST /wp-login.php HTTP/1.1" 200 1068 "-" "Mozilla/5.0 (compatible; MJ12bot/v1.4.8)"
85.23.14.77 - - [10/Apr/2026:01:40:00 +0000] "GET /css/style.css HTTP/1.1" 200 2952 "-" "Mozilla/5.0 (X11; Linux x86_64; rv:109.0) Gecko/20100101 Firefox/115.0"
85.23.14.77 - - [10/Apr/2026:02:38:00 +0000] "GET /contact HTTP/1.1" 200 593 "-" "Mozilla/5.0 (Windows NT 10.0; Win64; x64) AppleWebKit/537.36 Chrome/120.0"
198.51.100.17 - - [10/Apr/2026:03:39:49 +0000] "POST /wp-login.php HTTP/1.1" 200 1926 "-" "Mozilla/5.0 (compatible; MJ12bot/v1.4.8)"
198.51.100.17 - - [10/Apr/2026:03:31:44 +0000] "POST /wp-login.php HTTP/1.1" 200 2958 "-" "Mozilla/5.0 (compatible; MJ12bot/v1.4.8)"
198.51.100.17 - - [10/Apr/2026:03:35:26 +0000] "POST /wp-login.php HTTP/1.1" 200 2740 "-" "Mozilla/5.0 (compatible; MJ12bot/v1.4.8)"
198.51.100.17 - - [10/Apr/2026:03:48:44 +0000] "POST /wp-login.php HTTP/1.1" 200 2402 "-" "Mozilla/5.0 (compatible; MJ12bot/v1.4.8)"
85.23.142.33 - - [10/Apr/2026:00:19:00 +0000] "GET /contact HTTP/1.1" 200 1616 "-" "Mozilla/5.0 (Macintosh; Intel Mac OS X 10_15_7) Safari/605.1.15"
203.0.113.42 - - [10/Apr/2026:05:56:07 +0000] "GET /phpMyAdmin HTTP/1.1" 404 376 "-" "python-requests/2.28.0"
85.23.201.88 - - [10/Apr/2026:01:29:00 +0000] "GET /about HTTP/1.1" 200 3303 "-" "Mozilla/5.0 (X11; Linux x86_64; rv:109.0) Gecko/20100101 Firefox/115.0"
203.0.113.42 - - [10/Apr/2026:04:23:01 +0000] "GET /.git/config HTTP/1.1" 404 356 "-" "python-requests/2.28.0"
85.23.201.88 - - [10/Apr/2026:19:48:00 +0000] "GET /blog HTTP/1.1" 200 3322 "-" "Mozilla/5.0 (X11; Linux x86_64; rv:109.0) Gecko/20100101 Firefox/115.0"
198.51.100.17 - - [10/Apr/2026:03:41:40 +0000] "POST /wp-login.php HTTP/1.1" 200 1809 "-" "Mozilla/5.0 (compatible; MJ12bot/v1.4.8)"
85.23.14.77 - - [10/Apr/2026:12:44:00 +0000] "GET /services HTTP/1.1" 200 1090 "-" "Mozilla/5.0 (Windows NT 10.0; Win64; x64) AppleWebKit/537.36 Chrome/120.0"
198.51.100.17 - - [10/Apr/2026:03:38:41 +0000] "POST /wp-login.php HTTP/1.1" 200 1554 "-" "Mozilla/5.0 (compatible; MJ12bot/v1.4.8)"
203.0.113.42 - - [10/Apr/2026:07:14:20 +0000] "GET /.git/config HTTP/1.1" 404 229 "-" "python-requests/2.28.0"
85.23.142.33 - - [10/Apr/2026:16:47:00 +0000] "GET /contact HTTP/1.1" 200 3343 "-" "Mozilla/5.0 (X11; Linux x86_64; rv:109.0) Gecko/20100101 Firefox/115.0"
198.51.100.17 - - [10/Apr/2026:03:31:24 +0000] "POST /wp-login.php HTTP/1.1" 200 1572 "-" "Mozilla/5.0 (compatible; MJ12bot/v1.4.8)"
198.51.100.17 - - [10/Apr/2026:03:47:19 +0000] "POST /wp-login.php HTTP/1.1" 200 1894 "-" "Mozilla/5.0 (compatible; MJ12bot/v1.4.8)"
85.23.99.201 - - [10/Apr/2026:22:25:00 +0000] "GET /index.html HTTP/1.1" 200 3922 "-" "Mozilla/5.0 (Windows NT 10.0; Win64; x64) AppleWebKit/537.36 Chrome/120.0"
203.0.113.42 - - [10/Apr/2026:03:22:52 +0000] "GET /xmlrpc.php HTTP/1.1" 404 312 "-" "python-requests/2.28.0"
198.51.100.17 - - [10/Apr/2026:03:45:36 +0000] "POST /wp-login.php HTTP/1.1" 200 1069 "-" "Mozilla/5.0 (compatible; MJ12bot/v1.4.8)"
203.0.113.42 - - [10/Apr/2026:04:40:27 +0000] "GET /.git/config HTTP/1.1" 404 145 "-" "python-requests/2.28.0"
203.0.113.42 - - [10/Apr/2026:05:27:26 +0000] "GET /wp-admin HTTP/1.1" 404 344 "-" "python-requests/2.28.0"
203.0.113.42 - - [10/Apr/2026:04:51:28 +0000] "GET /.env HTTP/1.1" 404 374 "-" "python-requests/2.28.0"
198.51.100.17 - - [10/Apr/2026:03:38:47 +0000] "POST /wp-login.php HTTP/1.1" 200 1822 "-" "Mozilla/5.0 (compatible; MJ12bot/v1.4.8)"
85.23.14.77 - - [10/Apr/2026:14:21:00 +0000] "GET /contact HTTP/1.1" 200 1021 "-" "Mozilla/5.0 (X11; Linux x86_64; rv:109.0) Gecko/20100101 Firefox/115.0"
85.23.142.33 - - [10/Apr/2026:13:28:00 +0000] "GET /index.html HTTP/1.1" 200 3372 "-" "Mozilla/5.0 (Windows NT 10.0; Win64; x64) AppleWebKit/537.36 Chrome/120.0"
85.23.99.201 - - [10/Apr/2026:14:25:00 +0000] "GET /css/style.css HTTP/1.1" 200 965 "-" "Mozilla/5.0 (Windows NT 10.0; Win64; x64) AppleWebKit/537.36 Chrome/120.0"
203.0.113.42 - - [10/Apr/2026:03:13:23 +0000] "GET /xmlrpc.php HTTP/1.1" 404 257 "-" "python-requests/2.28.0"
198.51.100.17 - - [10/Apr/2026:03:31:33 +0000] "POST /wp-login.php HTTP/1.1" 200 2596 "-" "Mozilla/5.0 (compatible; MJ12bot/v1.4.8)"
203.0.113.42 - - [10/Apr/2026:05:45:54 +0000] "GET /.git/config HTTP/1.1" 404 316 "-" "python-requests/2.28.0"
198.51.100.17 - - [10/Apr/2026:03:31:21 +0000] "POST /wp-login.php HTTP/1.1" 200 2750 "-" "Mozilla/5.0 (compatible; MJ12bot/v1.4.8)"
85.23.99.201 - - [10/Apr/2026:18:59:00 +0000] "GET /favicon.ico HTTP/1.1" 200 4953 "-" "Mozilla/5.0 (Windows NT 10.0; Win64; x64) AppleWebKit/537.36 Chrome/120.0"
198.51.100.17 - - [10/Apr/2026:03:37:37 +0000] "POST /wp-login.php HTTP/1.1" 200 1306 "-" "Mozilla/5.0 (compatible; MJ12bot/v1.4.8)"
85.23.67.14 - - [10/Apr/2026:09:09:00 +0000] "GET /js/main.js HTTP/1.1" 200 1898 "-" "Mozilla/5.0 (X11; Linux x86_64; rv:109.0) Gecko/20100101 Firefox/115.0"
198.51.100.17 - - [10/Apr/2026:03:45:06 +0000] "POST /wp-login.php HTTP/1.1" 200 2939 "-" "Mozilla/5.0 (compatible; MJ12bot/v1.4.8)"
203.0.113.42 - - [10/Apr/2026:04:39:25 +0000] "GET /.env HTTP/1.1" 404 326 "-" "python-requests/2.28.0"
198.51.100.17 - - [10/Apr/2026:03:47:31 +0000] "POST /wp-login.php HTTP/1.1" 200 1103 "-" "Mozilla/5.0 (compatible; MJ12bot/v1.4.8)"
203.0.113.42 - - [10/Apr/2026:04:12:30 +0000] "GET /phpMyAdmin HTTP/1.1" 404 211 "-" "python-requests/2.28.0"
85.23.67.14 - - [10/Apr/2026:19:35:00 +0000] "GET /contact HTTP/1.1" 200 2154 "-" "Mozilla/5.0 (Windows NT 10.0; Win64; x64) AppleWebKit/537.36 Chrome/120.0"
203.0.113.42 - - [10/Apr/2026:03:56:08 +0000] "GET /phpMyAdmin HTTP/1.1" 404 250 "-" "python-requests/2.28.0"
198.51.100.17 - - [10/Apr/2026:03:40:19 +0000] "POST /wp-login.php HTTP/1.1" 200 1927 "-" "Mozilla/5.0 (compatible; MJ12bot/v1.4.8)"
203.0.113.42 - - [10/Apr/2026:04:27:20 +0000] "GET /xmlrpc.php HTTP/1.1" 404 365 "-" "python-requests/2.28.0"
85.23.14.77 - - [10/Apr/2026:04:15:00 +0000] "GET /js/main.js HTTP/1.1" 200 3817 "-" "Mozilla/5.0 (Windows NT 10.0; Win64; x64) AppleWebKit/537.36 Chrome/120.0"
203.0.113.42 - - [10/Apr/2026:07:38:22 +0000] "GET /wp-admin HTTP/1.1" 404 151 "-" "python-requests/2.28.0"
85.23.14.77 - - [10/Apr/2026:21:30:00 +0000] "GET /js/main.js HTTP/1.1" 200 4082 "-" "Mozilla/5.0 (Windows NT 10.0; Win64; x64) AppleWebKit/537.36 Chrome/120.0"
203.0.113.42 - - [10/Apr/2026:06:30:02 +0000] "GET /xmlrpc.php HTTP/1.1" 404 300 "-" "python-requests/2.28.0"
85.23.99.201 - - [10/Apr/2026:20:01:00 +0000] "GET /js/main.js HTTP/1.1" 200 2470 "-" "Mozilla/5.0 (X11; Linux x86_64; rv:109.0) Gecko/20100101 Firefox/115.0"
203.0.113.42 - - [10/Apr/2026:03:17:27 +0000] "GET /wp-admin HTTP/1.1" 404 313 "-" "python-requests/2.28.0"
198.51.100.17 - - [10/Apr/2026:03:46:52 +0000] "POST /wp-login.php HTTP/1.1" 200 1082 "-" "Mozilla/5.0 (compatible; MJ12bot/v1.4.8)"
203.0.113.42 - - [10/Apr/2026:07:17:55 +0000] "GET /xmlrpc.php HTTP/1.1" 404 289 "-" "python-requests/2.28.0"
203.0.113.42 - - [10/Apr/2026:06:02:17 +0000] "GET /xmlrpc.php HTTP/1.1" 404 317 "-" "python-requests/2.28.0"
203.0.113.42 - - [10/Apr/2026:07:53:17 +0000] "GET /etc/passwd HTTP/1.1" 404 182 "-" "python-requests/2.28.0"
85.23.142.33 - - [10/Apr/2026:06:05:00 +0000] "GET /js/main.js HTTP/1.1" 200 803 "-" "Mozilla/5.0 (Windows NT 10.0; Win64; x64) AppleWebKit/537.36 Chrome/120.0"
198.51.100.17 - - [10/Apr/2026:03:31:19 +0000] "POST /wp-login.php HTTP/1.1" 200 1002 "-" "Mozilla/5.0 (compatible; MJ12bot/v1.4.8)"
203.0.113.42 - - [10/Apr/2026:03:51:30 +0000] "GET /wp-admin HTTP/1.1" 404 220 "-" "python-requests/2.28.0"
198.51.100.17 - - [10/Apr/2026:03:41:42 +0000] "POST /wp-login.php HTTP/1.1" 200 1209 "-" "Mozilla/5.0 (compatible; MJ12bot/v1.4.8)"
198.51.100.17 - - [10/Apr/2026:03:37:52 +0000] "POST /wp-login.php HTTP/1.1" 200 2725 "-" "Mozilla/5.0 (compatible; MJ12bot/v1.4.8)"
198.51.100.17 - - [10/Apr/2026:03:40:24 +0000] "POST /wp-login.php HTTP/1.1" 200 2905 "-" "Mozilla/5.0 (compatible; MJ12bot/v1.4.8)"
198.51.100.17 - - [10/Apr/2026:03:31:05 +0000] "POST /wp-login.php HTTP/1.1" 200 2128 "-" "Mozilla/5.0 (compatible; MJ12bot/v1.4.8)"
85.23.142.33 - - [10/Apr/2026:10:42:00 +0000] "GET /images/logo.png HTTP/1.1" 301 2791 "-" "Mozilla/5.0 (Macintosh; Intel Mac OS X 10_15_7) Safari/605.1.15"
85.23.201.88 - - [10/Apr/2026:11:27:00 +0000] "GET /contact HTTP/1.1" 200 4421 "-" "Mozilla/5.0 (X11; Linux x86_64; rv:109.0) Gecko/20100101 Firefox/115.0"
198.51.100.17 - - [10/Apr/2026:03:34:19 +0000] "POST /wp-login.php HTTP/1.1" 200 2476 "-" "Mozilla/5.0 (compatible; MJ12bot/v1.4.8)"
198.51.100.17 - - [10/Apr/2026:03:44:54 +0000] "POST /wp-login.php HTTP/1.1" 200 2575 "-" "Mozilla/5.0 (compatible; MJ12bot/v1.4.8)"
198.51.100.17 - - [10/Apr/2026:03:35:44 +0000] "POST /wp-login.php HTTP/1.1" 200 1467 "-" "Mozilla/5.0 (compatible; MJ12bot/v1.4.8)"
85.23.14.77 - - [10/Apr/2026:15:25:00 +0000] "GET /js/main.js HTTP/1.1" 200 2312 "-" "Mozilla/5.0 (X11; Linux x86_64; rv:109.0) Gecko/20100101 Firefox/115.0"
198.51.100.17 - - [10/Apr/2026:03:47:16 +0000] "POST /wp-login.php HTTP/1.1" 200 1753 "-" "Mozilla/5.0 (compatible; MJ12bot/v1.4.8)"
198.51.100.17 - - [10/Apr/2026:03:49:40 +0000] "POST /wp-login.php HTTP/1.1" 200 2331 "-" "Mozilla/5.0 (compatible; MJ12bot/v1.4.8)"
203.0.113.42 - - [10/Apr/2026:07:27:49 +0000] "GET /etc/passwd HTTP/1.1" 404 164 "-" "python-requests/2.28.0"
85.23.99.201 - - [10/Apr/2026:11:09:00 +0000] "GET /images/logo.png HTTP/1.1" 200 3821 "-" "Mozilla/5.0 (Macintosh; Intel Mac OS X 10_15_7) Safari/605.1.15"
198.51.100.17 - - [10/Apr/2026:03:48:10 +0000] "POST /wp-login.php HTTP/1.1" 200 1540 "-" "Mozilla/5.0 (compatible; MJ12bot/v1.4.8)"
198.51.100.17 - - [10/Apr/2026:03:46:19 +0000] "POST /wp-login.php HTTP/1.1" 200 2518 "-" "Mozilla/5.0 (compatible; MJ12bot/v1.4.8)"
198.51.100.17 - - [10/Apr/2026:03:36:49 +0000] "POST /wp-login.php HTTP/1.1" 200 1972 "-" "Mozilla/5.0 (compatible; MJ12bot/v1.4.8)"
203.0.113.42 - - [10/Apr/2026:08:06:57 +0000] "GET /.env HTTP/1.1" 404 126 "-" "python-requests/2.28.0"
85.23.142.33 - - [10/Apr/2026:03:25:00 +0000] "GET /js/main.js HTTP/1.1" 200 2118 "-" "Mozilla/5.0 (X11; Linux x86_64; rv:109.0) Gecko/20100101 Firefox/115.0"
203.0.113.42 - - [10/Apr/2026:07:02:09 +0000] "GET /xmlrpc.php HTTP/1.1" 404 308 "-" "python-requests/2.28.0"
85.23.201.88 - - [10/Apr/2026:23:16:00 +0000] "GET /favicon.ico HTTP/1.1" 200 2986 "-" "Mozilla/5.0 (Windows NT 10.0; Win64; x64) AppleWebKit/537.36 Chrome/120.0"
85.23.14.77 - - [10/Apr/2026:02:51:00 +0000] "GET /js/main.js HTTP/1.1" 200 1073 "-" "Mozilla/5.0 (Macintosh; Intel Mac OS X 10_15_7) Safari/605.1.15"
85.23.67.14 - - [10/Apr/2026:00:50:00 +0000] "GET /favicon.ico HTTP/1.1" 200 4944 "-" "Mozilla/5.0 (Windows NT 10.0; Win64; x64) AppleWebKit/537.36 Chrome/120.0"
85.23.14.77 - - [10/Apr/2026:15:04:00 +0000] "GET /contact HTTP/1.1" 200 722 "-" "Mozilla/5.0 (Macintosh; Intel Mac OS X 10_15_7) Safari/605.1.15"
203.0.113.42 - - [10/Apr/2026:03:29:43 +0000] "GET /.env HTTP/1.1" 404 130 "-" "python-requests/2.28.0"
198.51.100.17 - - [10/Apr/2026:03:42:08 +0000] "POST /wp-login.php HTTP/1.1" 200 2587 "-" "Mozilla/5.0 (compatible; MJ12bot/v1.4.8)"
198.51.100.17 - - [10/Apr/2026:03:32:33 +0000] "POST /wp-login.php HTTP/1.1" 200 2893 "-" "Mozilla/5.0 (compatible; MJ12bot/v1.4.8)"
198.51.100.17 - - [10/Apr/2026:03:41:57 +0000] "POST /wp-login.php HTTP/1.1" 200 1879 "-" "Mozilla/5.0 (compatible; MJ12bot/v1.4.8)"
85.23.14.77 - - [10/Apr/2026:15:30:00 +0000] "GET /favicon.ico HTTP/1.1" 200 794 "-" "Mozilla/5.0 (Windows NT 10.0; Win64; x64) AppleWebKit/537.36 Chrome/120.0"
85.23.142.33 - - [10/Apr/2026:13:35:00 +0000] "GET /index.html HTTP/1.1" 200 2220 "-" "Mozilla/5.0 (X11; Linux x86_64; rv:109.0) Gecko/20100101 Firefox/115.0"
198.51.100.17 - - [10/Apr/2026:03:37:49 +0000] "POST /wp-login.php HTTP/1.1" 200 2508 "-" "Mozilla/5.0 (compatible; MJ12bot/v1.4.8)"
198.51.100.17 - - [10/Apr/2026:03:48:31 +0000] "POST /wp-login.php HTTP/1.1" 200 1360 "-" "Mozilla/5.0 (compatible; MJ12bot/v1.4.8)"
85.23.142.33 - - [10/Apr/2026:19:57:00 +0000] "GET /images/logo.png HTTP/1.1" 200 1828 "-" "Mozilla/5.0 (Windows NT 10.0; Win64; x64) AppleWebKit/537.36 Chrome/120.0"
85.23.142.33 - - [10/Apr/2026:14:11:00 +0000] "GET /images/logo.png HTTP/1.1" 301 591 "-" "Mozilla/5.0 (Windows NT 10.0; Win64; x64) AppleWebKit/537.36 Chrome/120.0"
198.51.100.17 - - [10/Apr/2026:03:30:00 +0000] "POST /wp-login.php HTTP/1.1" 200 1510 "-" "Mozilla/5.0 (compatible; MJ12bot/v1.4.8)"
85.23.67.14 - - [10/Apr/2026:11:36:00 +0000] "GET /contact HTTP/1.1" 200 2917 "-" "Mozilla/5.0 (Macintosh; Intel Mac OS X 10_15_7) Safari/605.1.15"
203.0.113.42 - - [10/Apr/2026:06:38:59 +0000] "GET /phpMyAdmin HTTP/1.1" 404 201 "-" "python-requests/2.28.0"
203.0.113.42 - - [10/Apr/2026:03:07:07 +0000] "GET /xmlrpc.php HTTP/1.1" 404 323 "-" "python-requests/2.28.0"
203.0.113.42 - - [10/Apr/2026:07:30:36 +0000] "GET /wp-admin HTTP/1.1" 404 137 "-" "python-requests/2.28.0"
198.51.100.17 - - [10/Apr/2026:03:42:55 +0000] "POST /wp-login.php HTTP/1.1" 200 2725 "-" "Mozilla/5.0 (compatible; MJ12bot/v1.4.8)"
198.51.100.17 - - [10/Apr/2026:03:44:28 +0000] "POST /wp-login.php HTTP/1.1" 200 1980 "-" "Mozilla/5.0 (compatible; MJ12bot/v1.4.8)"
198.51.100.17 - - [10/Apr/2026:03:42:20 +0000] "POST /wp-login.php HTTP/1.1" 200 1630 "-" "Mozilla/5.0 (compatible; MJ12bot/v1.4.8)"
198.51.100.17 - - [10/Apr/2026:03:32:53 +0000] "POST /wp-login.php HTTP/1.1" 200 2078 "-" "Mozilla/5.0 (compatible; MJ12bot/v1.4.8)"
85.23.99.201 - - [10/Apr/2026:02:30:00 +0000] "GET /js/main.js HTTP/1.1" 200 4504 "-" "Mozilla/5.0 (X11; Linux x86_64; rv:109.0) Gecko/20100101 Firefox/115.0"
198.51.100.17 - - [10/Apr/2026:03:47:22 +0000] "POST /wp-login.php HTTP/1.1" 200 1542 "-" "Mozilla/5.0 (compatible; MJ12bot/v1.4.8)"
85.23.99.201 - - [10/Apr/2026:19:49:00 +0000] "GET /css/style.css HTTP/1.1" 200 3747 "-" "Mozilla/5.0 (Windows NT 10.0; Win64; x64) AppleWebKit/537.36 Chrome/120.0"
198.51.100.17 - - [10/Apr/2026:03:41:11 +0000] "POST /wp-login.php HTTP/1.1" 200 2168 "-" "Mozilla/5.0 (compatible; MJ12bot/v1.4.8)"
203.0.113.42 - - [10/Apr/2026:08:24:03 +0000] "GET /xmlrpc.php HTTP/1.1" 404 160 "-" "python-requests/2.28.0"
198.51.100.17 - - [10/Apr/2026:03:32:21 +0000] "POST /wp-login.php HTTP/1.1" 200 1122 "-" "Mozilla/5.0 (compatible; MJ12bot/v1.4.8)"
85.23.142.33 - - [10/Apr/2026:16:37:00 +0000] "GET /services HTTP/1.1" 301 1652 "-" "Mozilla/5.0 (Macintosh; Intel Mac OS X 10_15_7) Safari/605.1.15"
203.0.113.42 - - [10/Apr/2026:08:41:02 +0000] "GET /.git/config HTTP/1.1" 404 187 "-" "python-requests/2.28.0"
198.51.100.17 - - [10/Apr/2026:03:37:06 +0000] "POST /wp-login.php HTTP/1.1" 200 2449 "-" "Mozilla/5.0 (compatible; MJ12bot/v1.4.8)"
203.0.113.42 - - [10/Apr/2026:07:08:33 +0000] "GET /.git/config HTTP/1.1" 404 251 "-" "python-requests/2.28.0"
198.51.100.17 - - [10/Apr/2026:03:43:56 +0000] "POST /wp-login.php HTTP/1.1" 200 2794 "-" "Mozilla/5.0 (compatible; MJ12bot/v1.4.8)"
198.51.100.17 - - [10/Apr/2026:03:45:20 +0000] "POST /wp-login.php HTTP/1.1" 200 1639 "-" "Mozilla/5.0 (compatible; MJ12bot/v1.4.8)"
203.0.113.42 - - [10/Apr/2026:06:22:34 +0000] "GET /wp-admin HTTP/1.1" 404 100 "-" "python-requests/2.28.0"
198.51.100.17 - - [10/Apr/2026:03:30:57 +0000] "POST /wp-login.php HTTP/1.1" 200 1824 "-" "Mozilla/5.0 (compatible; MJ12bot/v1.4.8)"
203.0.113.42 - - [10/Apr/2026:07:22:50 +0000] "GET /wp-admin HTTP/1.1" 404 340 "-" "python-requests/2.28.0"
198.51.100.17 - - [10/Apr/2026:03:33:21 +0000] "POST /wp-login.php HTTP/1.1" 200 1344 "-" "Mozilla/5.0 (compatible; MJ12bot/v1.4.8)"
203.0.113.42 - - [10/Apr/2026:07:21:53 +0000] "GET /.git/config HTTP/1.1" 404 304 "-" "python-requests/2.28.0"
198.51.100.17 - - [10/Apr/2026:03:37:22 +0000] "POST /wp-login.php HTTP/1.1" 200 2974 "-" "Mozilla/5.0 (compatible; MJ12bot/v1.4.8)"
198.51.100.17 - - [10/Apr/2026:03:44:27 +0000] "POST /wp-login.php HTTP/1.1" 200 2904 "-" "Mozilla/5.0 (compatible; MJ12bot/v1.4.8)"
198.51.100.17 - - [10/Apr/2026:03:49:19 +0000] "POST /wp-login.php HTTP/1.1" 200 1057 "-" "Mozilla/5.0 (compatible; MJ12bot/v1.4.8)"
198.51.100.17 - - [10/Apr/2026:03:32:55 +0000] "POST /wp-login.php HTTP/1.1" 200 1086 "-" "Mozilla/5.0 (compatible; MJ12bot/v1.4.8)"
85.23.99.201 - - [10/Apr/2026:02:07:00 +0000] "GET /images/logo.png HTTP/1.1" 200 4519 "-" "Mozilla/5.0 (X11; Linux x86_64; rv:109.0) Gecko/20100101 Firefox/115.0"
198.51.100.17 - - [10/Apr/2026:03:38:36 +0000] "POST /wp-login.php HTTP/1.1" 200 1057 "-" "Mozilla/5.0 (compatible; MJ12bot/v1.4.8)"
198.51.100.17 - - [10/Apr/2026:03:37:23 +0000] "POST /wp-login.php HTTP/1.1" 200 2443 "-" "Mozilla/5.0 (compatible; MJ12bot/v1.4.8)"
198.51.100.17 - - [10/Apr/2026:03:48:58 +0000] "POST /wp-login.php HTTP/1.1" 200 1626 "-" "Mozilla/5.0 (compatible; MJ12bot/v1.4.8)"
203.0.113.42 - - [10/Apr/2026:07:37:52 +0000] "GET /.env HTTP/1.1" 404 206 "-" "python-requests/2.28.0"
198.51.100.17 - - [10/Apr/2026:03:47:43 +0000] "POST /wp-login.php HTTP/1.1" 200 1384 "-" "Mozilla/5.0 (compatible; MJ12bot/v1.4.8)"
85.23.99.201 - - [10/Apr/2026:06:21:00 +0000] "GET /services HTTP/1.1" 200 838 "-" "Mozilla/5.0 (Macintosh; Intel Mac OS X 10_15_7) Safari/605.1.15"
85.23.67.14 - - [10/Apr/2026:09:50:00 +0000] "GET /index.html HTTP/1.1" 200 4798 "-" "Mozilla/5.0 (X11; Linux x86_64; rv:109.0) Gecko/20100101 Firefox/115.0"
85.23.14.77 - - [10/Apr/2026:12:48:00 +0000] "GET /blog HTTP/1.1" 200 3436 "-" "Mozilla/5.0 (Macintosh; Intel Mac OS X 10_15_7) Safari/605.1.15"
203.0.113.42 - - [10/Apr/2026:07:52:28 +0000] "GET /etc/passwd HTTP/1.1" 404 138 "-" "python-requests/2.28.0"
85.23.67.14 - - [10/Apr/2026:12:20:00 +0000] "GET /index.html HTTP/1.1" 200 4757 "-" "Mozilla/5.0 (Macintosh; Intel Mac OS X 10_15_7) Safari/605.1.15"
198.51.100.17 - - [10/Apr/2026:03:46:09 +0000] "POST /wp-login.php HTTP/1.1" 200 1084 "-" "Mozilla/5.0 (compatible; MJ12bot/v1.4.8)"
85.23.67.14 - - [10/Apr/2026:11:06:00 +0000] "GET / HTTP/1.1" 200 1298 "-" "Mozilla/5.0 (Windows NT 10.0; Win64; x64) AppleWebKit/537.36 Chrome/120.0"
198.51.100.17 - - [10/Apr/2026:03:31:30 +0000] "POST /wp-login.php HTTP/1.1" 200 1689 "-" "Mozilla/5.0 (compatible; MJ12bot/v1.4.8)"
198.51.100.17 - - [10/Apr/2026:03:41:16 +0000] "POST /wp-login.php HTTP/1.1" 200 2375 "-" "Mozilla/5.0 (compatible; MJ12bot/v1.4.8)"
198.51.100.17 - - [10/Apr/2026:03:41:31 +0000] "POST /wp-login.php HTTP/1.1" 200 1690 "-" "Mozilla/5.0 (compatible; MJ12bot/v1.4.8)"
85.23.99.201 - - [10/Apr/2026:19:20:00 +0000] "GET /contact HTTP/1.1" 200 696 "-" "Mozilla/5.0 (X11; Linux x86_64; rv:109.0) Gecko/20100101 Firefox/115.0"
85.23.142.33 - - [10/Apr/2026:20:43:00 +0000] "GET /services HTTP/1.1" 301 3830 "-" "Mozilla/5.0 (X11; Linux x86_64; rv:109.0) Gecko/20100101 Firefox/115.0"
85.23.99.201 - - [10/Apr/2026:19:16:00 +0000] "GET / HTTP/1.1" 200 3346 "-" "Mozilla/5.0 (X11; Linux x86_64; rv:109.0) Gecko/20100101 Firefox/115.0"
85.23.201.88 - - [10/Apr/2026:10:11:00 +0000] "GET /contact HTTP/1.1" 200 2393 "-" "Mozilla/5.0 (X11; Linux x86_64; rv:109.0) Gecko/20100101 Firefox/115.0"
198.51.100.17 - - [10/Apr/2026:03:39:11 +0000] "POST /wp-login.php HTTP/1.1" 200 1176 "-" "Mozilla/5.0 (compatible; MJ12bot/v1.4.8)"
198.51.100.17 - - [10/Apr/2026:03:42:47 +0000] "POST /wp-login.php HTTP/1.1" 200 2816 "-" "Mozilla/5.0 (compatible; MJ12bot/v1.4.8)"
203.0.113.42 - - [10/Apr/2026:03:08:39 +0000] "GET /wp-admin HTTP/1.1" 404 258 "-" "python-requests/2.28.0"
203.0.113.42 - - [10/Apr/2026:04:53:23 +0000] "GET /.env HTTP/1.1" 404 161 "-" "python-requests/2.28.0"
85.23.99.201 - - [10/Apr/2026:08:12:00 +0000] "GET /images/logo.png HTTP/1.1" 404 3934 "-" "Mozilla/5.0 (Windows NT 10.0; Win64; x64) AppleWebKit/537.36 Chrome/120.0"
203.0.113.42 - - [10/Apr/2026:04:26:21 +0000] "GET /wp-admin HTTP/1.1" 404 351 "-" "python-requests/2.28.0"
198.51.100.17 - - [10/Apr/2026:03:47:09 +0000] "POST /wp-login.php HTTP/1.1" 200 1629 "-" "Mozilla/5.0 (compatible; MJ12bot/v1.4.8)"
85.23.99.201 - - [10/Apr/2026:10:27:00 +0000] "GET /blog HTTP/1.1" 200 1123 "-" "Mozilla/5.0 (X11; Linux x86_64; rv:109.0) Gecko/20100101 Firefox/115.0"
198.51.100.17 - - [10/Apr/2026:03:37:24 +0000] "POST /wp-login.php HTTP/1.1" 200 2638 "-" "Mozilla/5.0 (compatible; MJ12bot/v1.4.8)"
203.0.113.42 - - [10/Apr/2026:05:44:12 +0000] "GET /xmlrpc.php HTTP/1.1" 404 189 "-" "python-requests/2.28.0"
85.23.14.77 - - [10/Apr/2026:22:01:00 +0000] "GET /contact HTTP/1.1" 200 4436 "-" "Mozilla/5.0 (X11; Linux x86_64; rv:109.0) Gecko/20100101 Firefox/115.0"
203.0.113.42 - - [10/Apr/2026:04:25:04 +0000] "GET /.env HTTP/1.1" 404 144 "-" "python-requests/2.28.0"
85.23.201.88 - - [10/Apr/2026:13:01:00 +0000] "GET /blog HTTP/1.1" 301 2832 "-" "Mozilla/5.0 (X11; Linux x86_64; rv:109.0) Gecko/20100101 Firefox/115.0"
203.0.113.42 - - [10/Apr/2026:03:32:58 +0000] "GET /phpMyAdmin HTTP/1.1" 404 154 "-" "python-requests/2.28.0"
198.51.100.17 - - [10/Apr/2026:03:32:17 +0000] "POST /wp-login.php HTTP/1.1" 200 2931 "-" "Mozilla/5.0 (compatible; MJ12bot/v1.4.8)"
203.0.113.42 - - [10/Apr/2026:06:01:23 +0000] "GET /wp-admin HTTP/1.1" 404 251 "-" "python-requests/2.28.0"
198.51.100.17 - - [10/Apr/2026:03:43:56 +0000] "POST /wp-login.php HTTP/1.1" 200 2828 "-" "Mozilla/5.0 (compatible; MJ12bot/v1.4.8)"
203.0.113.42 - - [10/Apr/2026:06:52:50 +0000] "GET /phpMyAdmin HTTP/1.1" 404 204 "-" "python-requests/2.28.0"
198.51.100.17 - - [10/Apr/2026:03:39:48 +0000] "POST /wp-login.php HTTP/1.1" 200 1345 "-" "Mozilla/5.0 (compatible; MJ12bot/v1.4.8)"
85.23.67.14 - - [10/Apr/2026:18:42:00 +0000] "GET /blog HTTP/1.1" 200 2449 "-" "Mozilla/5.0 (Macintosh; Intel Mac OS X 10_15_7) Safari/605.1.15"
85.23.14.77 - - [10/Apr/2026:15:51:00 +0000] "GET /index.html HTTP/1.1" 200 3941 "-" "Mozilla/5.0 (Windows NT 10.0; Win64; x64) AppleWebKit/537.36 Chrome/120.0"
203.0.113.42 - - [10/Apr/2026:07:11:52 +0000] "GET /etc/passwd HTTP/1.1" 404 299 "-" "python-requests/2.28.0"
203.0.113.42 - - [10/Apr/2026:06:39:59 +0000] "GET /phpMyAdmin HTTP/1.1" 404 123 "-" "python-requests/2.28.0"
85.23.99.201 - - [10/Apr/2026:04:35:00 +0000] "GET /favicon.ico HTTP/1.1" 200 4513 "-" "Mozilla/5.0 (Macintosh; Intel Mac OS X 10_15_7) Safari/605.1.15"
85.23.201.88 - - [10/Apr/2026:17:48:00 +0000] "GET /contact HTTP/1.1" 200 3374 "-" "Mozilla/5.0 (X11; Linux x86_64; rv:109.0) Gecko/20100101 Firefox/115.0"
198.51.100.17 - - [10/Apr/2026:03:38:30 +0000] "POST /wp-login.php HTTP/1.1" 200 2700 "-" "Mozilla/5.0 (compatible; MJ12bot/v1.4.8)"
198.51.100.17 - - [10/Apr/2026:03:30:14 +0000] "POST /wp-login.php HTTP/1.1" 200 1380 "-" "Mozilla/5.0 (compatible; MJ12bot/v1.4.8)"
198.51.100.17 - - [10/Apr/2026:03:46:27 +0000] "POST /wp-login.php HTTP/1.1" 200 1516 "-" "Mozilla/5.0 (compatible; MJ12bot/v1.4.8)"
198.51.100.17 - - [10/Apr/2026:03:44:47 +0000] "POST /wp-login.php HTTP/1.1" 200 2431 "-" "Mozilla/5.0 (compatible; MJ12bot/v1.4.8)"
198.51.100.17 - - [10/Apr/2026:03:42:28 +0000] "POST /wp-login.php HTTP/1.1" 200 1520 "-" "Mozilla/5.0 (compatible; MJ12bot/v1.4.8)"
85.23.142.33 - - [10/Apr/2026:21:27:00 +0000] "GET /blog HTTP/1.1" 200 4412 "-" "Mozilla/5.0 (X11; Linux x86_64; rv:109.0) Gecko/20100101 Firefox/115.0"
203.0.113.42 - - [10/Apr/2026:03:58:54 +0000] "GET /.git/config HTTP/1.1" 404 190 "-" "python-requests/2.28.0"
198.51.100.17 - - [10/Apr/2026:03:37:43 +0000] "POST /wp-login.php HTTP/1.1" 200 1233 "-" "Mozilla/5.0 (compatible; MJ12bot/v1.4.8)"
203.0.113.42 - - [10/Apr/2026:04:24:39 +0000] "GET /wp-admin HTTP/1.1" 404 322 "-" "python-requests/2.28.0"
203.0.113.42 - - [10/Apr/2026:08:54:01 +0000] "GET /.git/config HTTP/1.1" 404 119 "-" "python-requests/2.28.0"
203.0.113.42 - - [10/Apr/2026:08:07:28 +0000] "GET /wp-admin HTTP/1.1" 404 321 "-" "python-requests/2.28.0"
85.23.99.201 - - [10/Apr/2026:09:58:00 +0000] "GET /favicon.ico HTTP/1.1" 404 3239 "-" "Mozilla/5.0 (Macintosh; Intel Mac OS X 10_15_7) Safari/605.1.15"
198.51.100.17 - - [10/Apr/2026:03:32:17 +0000] "POST /wp-login.php HTTP/1.1" 200 1070 "-" "Mozilla/5.0 (compatible; MJ12bot/v1.4.8)"
198.51.100.99 - - [10/Apr/2026:19:39:00 +0000] "GET /phpMyAdmin HTTP/1.1" 404 180 "-" "Nikto/2.1.6"
203.0.113.42 - - [10/Apr/2026:03:53:54 +0000] "GET /.git/config HTTP/1.1" 404 338 "-" "python-requests/2.28.0"
85.23.201.88 - - [10/Apr/2026:18:02:00 +0000] "GET /blog HTTP/1.1" 200 2774 "-" "Mozilla/5.0 (Macintosh; Intel Mac OS X 10_15_7) Safari/605.1.15"
198.51.100.17 - - [10/Apr/2026:03:34:00 +0000] "POST /wp-login.php HTTP/1.1" 200 2794 "-" "Mozilla/5.0 (compatible; MJ12bot/v1.4.8)"
85.23.142.33 - - [10/Apr/2026:15:54:00 +0000] "GET / HTTP/1.1" 301 4598 "-" "Mozilla/5.0 (X11; Linux x86_64; rv:109.0) Gecko/20100101 Firefox/115.0"
85.23.67.14 - - [10/Apr/2026:16:59:00 +0000] "GET /about HTTP/1.1" 200 1850 "-" "Mozilla/5.0 (X11; Linux x86_64; rv:109.0) Gecko/20100101 Firefox/115.0"
198.51.100.17 - - [10/Apr/2026:03:31:56 +0000] "POST /wp-login.php HTTP/1.1" 200 1072 "-" "Mozilla/5.0 (compatible; MJ12bot/v1.4.8)"
203.0.113.42 - - [10/Apr/2026:04:09:52 +0000] "GET /etc/passwd HTTP/1.1" 404 109 "-" "python-requests/2.28.0"
198.51.100.17 - - [10/Apr/2026:03:43:04 +0000] "POST /wp-login.php HTTP/1.1" 200 1001 "-" "Mozilla/5.0 (compatible; MJ12bot/v1.4.8)"
198.51.100.17 - - [10/Apr/2026:03:41:53 +0000] "POST /wp-login.php HTTP/1.1" 200 2922 "-" "Mozilla/5.0 (compatible; MJ12bot/v1.4.8)"
203.0.113.42 - - [10/Apr/2026:07:30:49 +0000] "GET /.git/config HTTP/1.1" 404 251 "-" "python-requests/2.28.0"
