198.51.100.17 - - [10/Apr/2026:03:48:58 +0000] "POST /wp-login.php HTTP/1.1" 200 2410 "-" "Mozilla/5.0 (compatible; MJ12bot/v1.4.8)"
85.23.201.88 - - [10/Apr/2026:15:46:00 +0000] "GET /index.html HTTP/1.1" 301 3499 "-" "Mozilla/5.0 (Windows NT 10.0; Win64; x64) AppleWebKit/537.36 Chrome/120.0"
203.0.113.42 - - [10/Apr/2026:04:05:12 +0000] "GET /.env HTTP/1.1" 404 341 "-" "python-requests/2.28.0"
85.23.67.14 - - [10/Apr/2026:06:12:00 +0000] "GET /blog HTTP/1.1" 200 2929 "-" "Mozilla/5.0 (X11; Linux x86_64; rv:109.0) Gecko/20100101 Firefox/115.0"
203.0.113.42 - - [10/Apr/2026:05:51:17 +0000] "GET /etc/passwd HTTP/1.1" 404 101 "-" "python-requests/2.28.0"
85.23.142.33 - - [10/Apr/2026:06:49:00 +0000] "GET /favicon.ico HTTP/1.1" 200 4038 "-" "Mozilla/5.0 (Windows NT 10.0; Win64; x64) AppleWebKit/537.36 Chrome/120.0"
85.23.142.33 - - [10/Apr/2026:09:46:00 +0000] "GET /js/main.js HTTP/1.1" 200 4931 "-" "Mozilla/5.0 (X11; Linux x86_64; rv:109.0) Gecko/20100101 Firefox/115.0"
85.23.67.14 - - [10/Apr/2026:02:50:00 +0000] "GET /css/style.css HTTP/1.1" 200 2934 "-" "Mozilla/5.0 (Windows NT 10.0; Win64; x64) AppleWebKit/537.36 Chrome/120.0"
198.51.100.17 - - [10/Apr/2026:03:48:09 +0000] "POST /wp-login.php HTTP/1.1" 200 1392 "-" "Mozilla/5.0 (compatible; MJ12bot/v1.4.8)"
85.23.142.33 - - [10/Apr/2026:16:45:00 +0000] "GET /js/main.js HTTP/1.1" 200 3634 "-" "Mozilla/5.0 (Macintosh; Intel Mac OS X 10_15_7) Safari/605.1.15"
198.51.100.17 - - [10/Apr/2026:03:49:35 +0000] "POST /wp-login.php HTTP/1.1" 200 2115 "-" "Mozilla/5.0 (compatible; MJ12bot/v1.4.8)"
203.0.113.42 - - [10/Apr/2026:05:44:23 +0000] "GET /.git/config HTTP/1.1" 404 328 "-" "python-requests/2.28.0"
85.23.67.14 - - [10/Apr/2026:21:41:00 +0000] "GET /contact HTTP/1.1" 200 3931 "-" "Mozilla/5.0 (X11; Linux x86_64; rv:109.0) Gecko/20100101 Firefox/115.0"
203.0.113.42 - - [10/Apr/2026:04:44:29 +0000] "GET /.env HTTP/1.1" 404 336 "-" "python-requests/2.28.0"
203.0.113.42 - - [10/Apr/2026:08:16:05 +0000] "GET /etc/passwd HTTP/1.1" 404 370 "-" "python-requests/2.28.0"
85.23.67.14 - - [10/Apr/2026:04:03:00 +0000] "GET / HTTP/1.1" 200 573 "-" "Mozilla/5.0 (Windows NT 10.0; Win64; x64) AppleWebKit/537.36 Chrome/120.0"
198.51.100.17 - - [10/Apr/2026:03:35:15 +0000] "POST /wp-login.php HTTP/1.1" 200 2713 "-" "Mozilla/5.0 (compatible; MJ12bot/v1.4.8)"
203.0.113.42 - - [10/Apr/2026:04:09:05 +0000] "GET /wp-admin HTTP/1.1" 404 119 "-" "python-requests/2.28.0"
203.0.113.42 - - [10/Apr/2026:05:01:35 +0000] "GET /.env HTTP/1.1" 404 300 "-" "python-requests/2.28.0"
198.51.100.99 - - [10/Apr/2026:10:48:00 +0000] "GET /xmlrpc.php HTTP/1.1" 404 180 "-" "Nikto/2.1.6"
85.23.14.77 - - [10/Apr/2026:07:41:00 +0000] "GET /images/logo.png HTTP/1.1" 301 4465 "-" "Mozilla/5.0 (Macintosh; Intel Mac OS X 10_15_7) Safari/605.1.15"
198.51.100.17 - - [10/Apr/2026:03:45:03 +0000] "POST /wp-login.php HTTP/1.1" 200 2992 "-" "Mozilla/5.0 (compatible; MJ12bot/v1.4.8)"
85.23.67.14 - - [10/Apr/2026:11:21:00 +0000] "GET /blog HTTP/1.1" 200 2788 "-" "Mozilla/5.0 (X11; Linux x86_64; rv:109.0) Gecko/20100101 Firefox/115.0"
85.23.142.33 - - [10/Apr/2026:11:57:00 +0000] "GET /css/style.css HTTP/1.1" 200 2491 "-" "Mozilla/5.0 (X11; Linux x86_64; rv:109.0) Gecko/20100101 Firefox/115.0"
203.0.113.42 - - [10/Apr/2026:06:01:35 +0000] "GET /etc/passwd HTTP/1.1" 404 157 "-" "python-requests/2.28.0"
198.51.100.17 - - [10/Apr/2026:03:36:58 +0000] "POST /wp-login.php HTTP/1.1" 200 1867 "-" "Mozilla/5.0 (compatible; MJ12bot/v1.4.8)"
85.23.99.201 - - [10/Apr/2026:13:07:00 +0000] "GET /blog HTTP/1.1" 200 1192 "-" "Mozilla/5.0 (Macintosh; Intel Mac OS X 10_15_7) Safari/605.1.15"
203.0.113.42 - - [10/Apr/2026:07:55:21 +0000] "GET /phpMyAdmin HTTP/1.1" 404 291 "-" "python-requests/2.28.0"
203.0.113.42 - - [10/Apr/2026:05:13:49 +0000] "GET /etc/passwd HTTP/1.1" 404 372 "-" "python-requests/2.28.0"
198.51.100.17 - - [10/Apr/2026:03:45:26 +0000] "POST /wp-login.php HTTP/1.1" 200 2455 "-" "Mozilla/5.0 (compatible; MJ12bot/v1.4.8)"
198.51.100.17 - - [10/Apr/2026:03:47:49 +0000] "POST /wp-login.php HTTP/1.1" 200 2919 "-" "Mozilla/5.0 (compatible; MJ12bot/v1.4.8)"
203.0.113.42 - - [10/Apr/2026:08:56:29 +0000] "GET /wp-admin HTTP/1.1" 404 266 "-" "python-requests/2.28.0"
85.23.14.77 - - [10/Apr/2026:05:23:00 +0000] "GET /favicon.ico HTTP/1.1" 200 3016 "-" "Mozilla/5.0 (Macintosh; Intel Mac OS X 10_15_7) Safari/605.1.15"
198.51.100.17 - - [10/Apr/2026:03:39:08 +0000] "POST /wp-login.php HTTP/1.1" 200 2112 "-" "Mozilla/5.0 (compatible; MJ12bot/v1.4.8)"
198.51.100.17 - - [10/Apr/2026:03:46:17 +0000] "POST /wp-login.php HTTP/1.1" 200 1404 "-" "Mozilla/5.0 (compatible; MJ12bot/v1.4.8)"
85.23.99.201 - - [10/Apr/2026:22:03:00 +0000] "GET /about HTTP/1.1" 200 3980 "-" "Mozilla/5.0 (X11; Linux x86_64; rv:109.0) Gecko/20100101 Firefox/115.0"
85.23.99.201 - - [10/Apr/2026:03:42:00 +0000] "GET /js/main.js HTTP/1.1" 200 2879 "-" "Mozilla/5.0 (X11; Linux x86_64; rv:109.0) Gecko/20100101 Firefox/115.0"
85.23.14.77 - - [10/Apr/2026:10:44:00 +0000] "GET /css/style.css HTTP/1.1" 200 3645 "-" "Mozilla/5.0 (X11; Linux x86_64; rv:109.0) Gecko/20100101 Firefox/115.0"
198.51.100.17 - - [10/Apr/2026:03:42:22 +0000] "POST /wp-login.php HTTP/1.1" 200 2013 "-" "Mozilla/5.0 (compatible; MJ12bot/v1.4.8)"
198.51.100.17 - - [10/Apr/2026:03:48:08 +0000] "POST /wp-login.php HTTP/1.1" 200 2091 "-" "Mozilla/5.0 (compatible; MJ12bot/v1.4.8)"
85.23.142.33 - - [10/Apr/2026:15:25:00 +0000] "GET /index.html HTTP/1.1" 200 3777 "-" "Mozilla/5.0 (Windows NT 10.0; Win64; x64) AppleWebKit/537.36 Chrome/120.0"
198.51.100.17 - - [10/Apr/2026:03:42:17 +0000] "POST /wp-login.php HTTP/1.1" 200 2452 "-" "Mozilla/5.0 (compatible; MJ12bot/v1.4.8)"
85.23.201.88 - - [10/Apr/2026:22:19:00 +0000] "GET /services HTTP/1.1" 404 4157 "-" "Mozilla/5.0 (Windows NT 10.0; Win64; x64) AppleWebKit/537.36 Chrome/120.0"
198.51.100.17 - - [10/Apr/2026:03:33:20 +0000] "POST /wp-login.php HTTP/1.1" 200 1838 "-" "Mozilla/5.0 (compatible; MJ12bot/v1.4.8)"
85.23.142.33 - - [10/Apr/2026:10:37:00 +0000] "GET /about HTTP/1.1" 200 4720 "-" "Mozilla/5.0 (Windows NT 10.0; Win64; x64) AppleWebKit/537.36 Chrome/120.0"
198.51.100.17 - - [10/Apr/2026:03:38:50 +0000] "POST /wp-login.php HTTP/1.1" 200 2389 "-" "Mozilla/5.0 (compatible; MJ12bot/v1.4.8)"
203.0.113.42 - - [10/Apr/2026:06:24:26 +0000] "GET /.env HTTP/1.1" 404 396 "-" "python-requests/2.28.0"
203.0.113.42 - - [10/Apr/2026:03:05:10 +0000] "GET /wp-admin HTTP/1.1" 404 366 "-" "python-requests/2.28.0"
198.51.100.17 - - [10/Apr/2026:03:37:48 +0000] "POST /wp-login.php HTTP/1.1" 200 1340 "-" "Mozilla/5.0 (compatible; MJ12bot/v1.4.8)"
198.51.100.17 - - [10/Apr/2026:03:30:41 +0000] "POST /wp-login.php HTTP/1.1" 200 1347 "-" "Mozilla/5.0 (compatible; MJ12bot/v1.4.8)"
198.51.100.17 - - [10/Apr/2026:03:35:32 +0000] "POST /wp-login.php HTTP/1.1" 200 1646 "-" "Mozilla/5.0 (compatible; MJ12bot/v1.4.8)"
198.51.100.17 - - [10/Apr/2026:03:40:15 +0000] "POST /wp-login.php HTTP/1.1" 200 2257 "-" "Mozilla/5.0 (compatible; MJ12bot/v1.4.8)"
203.0.113.42 - - [10/Apr/2026:06:43:45 +0000] "GET /wp-admin HTTP/1.1" 404 209 "-" "python-requests/2.28.0"
85.23.99.201 - - [10/Apr/2026:02:06:00 +0000] "GET /images/logo.png HTTP/1.1" 200 4434 "-" "Mozilla/5.0 (Windows NT 10.0; Win64; x64) AppleWebKit/537.36 Chrome/120.0"
85.23.201.88 - - [10/Apr/2026:04:17:00 +0000] "GET /js/main.js HTTP/1.1" 200 1043 "-" "Mozilla/5.0 (X11; Linux x86_64; rv:109.0) Gecko/20100101 Firefox/115.0"
203.0.113.42 - - [10/Apr/2026:05:48:05 +0000] "GET /xmlrpc.php HTTP/1.1" 404 318 "-" "python-requests/2.28.0"
85.23.67.14 - - [10/Apr/2026:04:48:00 +0000] "GET /blog HTTP/1.1" 200 902 "-" "Mozilla/5.0 (X11; Linux x86_64; rv:109.0) Gecko/20100101 Firefox/115.0"
85.23.14.77 - - [10/Apr/2026:23:56:00 +0000] "GET /css/style.css HTTP/1.1" 200 4935 "-" "Mozilla/5.0 (X11; Linux x86_64; rv:109.0) Gecko/20100101 Firefox/115.0"
203.0.113.42 - - [10/Apr/2026:05:48:03 +0000] "GET /.env HTTP/1.1" 404 367 "-" "python-requests/2.28.0"
203.0.113.42 - - [10/Apr/2026:06:55:14 +0000] "GET /.git/config HTTP/1.1" 404 122 "-" "python-requests/2.28.0"
85.23.14.77 - - [10/Apr/2026:14:39:00 +0000] "GET /services HTTP/1.1" 404 2075 "-" "Mozilla/5.0 (X11; Linux x86_64; rv:109.0) Gecko/20100101 Firefox/115.0"
198.51.100.17 - - [10/Apr/2026:03:40:15 +0000] "POST /wp-login.php HTTP/1.1" 200 1358 "-" "Mozilla/5.0 (compatible; MJ12bot/v1.4.8)"
198.51.100.17 - - [10/Apr/2026:03:43:32 +0000] "POST /wp-login.php HTTP/1.1" 200 1399 "-" "Mozilla/5.0 (compatible; MJ12bot/v1.4.8)"
203.0.113.42 - - [10/Apr/2026:03:15:05 +0000] "GET /xmlrpc.php HTTP/1.1" 404 171 "-" "python-requests/2.28.0"
203.0.113.42 - - [10/Apr/2026:07:41:45 +0000] "GET /wp-admin HTTP/1.1" 404 304 "-" "python-requests/2.28.0"
85.23.99.201 - - [10/Apr/2026:03:17:00 +0000] "GET /about HTTP/1.1" 404 3172 "-" "Mozilla/5.0 (Macintosh; Intel Mac OS X 10_15_7) Safari/605.1.15"
198.51.100.17 - - [10/Apr/2026:03:40:03 +0000] "POST /wp-login.php HTTP/1.1" 200 2358 "-" "Mozilla/5.0 (compatible; MJ12bot/v1.4.8)"
203.0.113.42 - - [10/Apr/2026:04:45:00 +0000] "GET /.env HTTP/1.1" 404 346 "-" "python-requests/2.28.0"
198.51.100.17 - - [10/Apr/2026:03:42:29 +0000] "POST /wp-login.php HTTP/1.1" 200 2635 "-" "Mozilla/5.0 (compatible; MJ12bot/v1.4.8)"
85.23.201.88 - - [10/Apr/2026:10:27:00 +0000] "GET /services HTTP/1.1" 404 3442 "-" "Mozilla/5.0 (Windows NT 10.0; Win64; x64) AppleWebKit/537.36 Chrome/120.0"
85.23.201.88 - - [10/Apr/2026:02:49:00 +0000] "GET /blog HTTP/1.1" 200 3274 "-" "Mozilla/5.0 (Windows NT 10.0; Win64; x64) AppleWebKit/537.36 Chrome/120.0"
198.51.100.17 - - [10/Apr/2026:03:36:09 +0000] "POST /wp-login.php HTTP/1.1" 200 2328 "-" "Mozilla/5.0 (compatible; MJ12bot/v1.4.8)"
198.51.100.17 - - [10/Apr/2026:03:31:45 +0000] "POST /wp-login.php HTTP/1.1" 200 1305 "-" "Mozilla/5.0 (compatible; MJ12bot/v1.4.8)"
198.51.100.99 - - [10/Apr/2026:17:24:00 +0000] "GET /etc/passwd HTTP/1.1" 404 180 "-" "Nikto/2.1.6"
85.23.201.88 - - [10/Apr/2026:18:56:00 +0000] "GET /css/style.css HTTP/1.1" 301 1185 "-" "Mozilla/5.0 (Macintosh; Intel Mac OS X 10_15_7) Safari/605.1.15"
198.51.100.17 - - [10/Apr/2026:03:46:00 +0000] "POST /wp-login.php HTTP/1.1" 200 1722 "-" "Mozilla/5.0 (compatible; MJ12bot/v1.4.8)"
198.51.100.17 - - [10/Apr/2026:03:31:38 +0000] "POST /wp-login.php HTTP/1.1" 200 1533 "-" "Mozilla/5.0 (compatible; MJ12bot/v1.4.8)"
85.23.99.201 - - [10/Apr/2026:09:46:00 +0000] "GET /images/logo.png HTTP/1.1" 404 3665 "-" "Mozilla/5.0 (Windows NT 10.0; Win64; x64) AppleWebKit/537.36 Chrome/120.0"
198.51.100.17 - - [10/Apr/2026:03:37:20 +0000] "POST /wp-login.php HTTP/1.1" 200 1565 "-" "Mozilla/5.0 (compatible; MJ12bot/v1.4.8)"
198.51.100.17 - - [10/Apr/2026:03:30:22 +0000] "POST /wp-login.php HTTP/1.1" 200 2452 "-" "Mozilla/5.0 (compatible; MJ12bot/v1.4.8)"
198.51.100.17 - - [10/Apr/2026:03:48:16 +0000] "POST /wp-login.php HTTP/1.1" 200 2622 "-" "Mozilla/5.0 (compatible; MJ12bot/v1.4.8)"
85.23.67.14 - - [10/Apr/2026:07:09:00 +0000] "GET /blog HTTP/1.1" 200 4471 "-" "Mozilla/5.0 (Windows NT 10.0; Win64; x64) AppleWebKit/537.36 Chrome/120.0"
198.51.100.17 - - [10/Apr/2026:03:43:41 +0000] "POST /wp-login.php HTTP/1.1" 200 1250 "-" "Mozilla/5.0 (compatible; MJ12bot/v1.4.8)"
198.51.100.17 - - [10/Apr/2026:03:30:06 +0000] "POST /wp-login.php HTTP/1.1" 200 2218 "-" "Mozilla/5.0 (compatible; MJ12bot/v1.4.8)"
198.51.100.17 - - [10/Apr/2026:03:32:15 +0000] "POST /wp-login.php HTTP/1.1" 200 2017 "-" "Mozilla/5.0 (compatible; MJ12bot/v1.4.8)"
203.0.113.42 - - [10/Apr/2026:04:21:45 +0000] "GET /wp-admin HTTP/1.1" 404 198 "-" "python-requests/2.28.0"
198.51.100.17 - - [10/Apr/2026:03:40:07 +0000] "POST /wp-login.php HTTP/1.1" 200 1582 "-" "Mozilla/5.0 (compatible; MJ12bot/v1.4.8)"
198.51.100.17 - - [10/Apr/2026:03:44:28 +0000] "POST /wp-login.php HTTP/1.1" 200 1601 "-" "Mozilla/5.0 (compatible; MJ12bot/v1.4.8)"
85.23.14.77 - - [10/Apr/2026:20:19:00 +0000] "GET /images/logo.png HTTP/1.1" 200 4122 "-" "Mozilla/5.0 (X11; Linux x86_64; rv:109.0) Gecko/20100101 Firefox/115.0"
85.23.142.33 - - [10/Apr/2026:11:34:00 +0000] "GET /about HTTP/1.1" 200 2174 "-" "Mozilla/5.0 (Macintosh; Intel Mac OS X 10_15_7) Safari/605.1.15"
85.23.201.88 - - [10/Apr/2026:15:19:00 +0000] "GET /index.html HTTP/1.1" 200 1430 "-" "Mozilla/5.0 (X11; Linux x86_64; rv:109.0) Gecko/20100101 Firefox/115.0"
203.0.113.42 - - [10/Apr/2026:04:16:56 +0000] "GET /.git/config HTTP/1.1" 404 186 "-" "python-requests/2.28.0"
198.51.100.17 - - [10/Apr/2026:03:49:26 +0000] "POST /wp-login.php HTTP/1.1" 200 2680 "-" "Mozilla/5.0 (compatible; MJ12bot/v1.4.8)"
203.0.113.42 - - [10/Apr/2026:05:31:50 +0000] "GET /xmlrpc.php HTTP/1.1" 404 188 "-" "python-requests/2.28.0"
198.51.100.17 - - [10/Apr/2026:03:39:47 +0000] "POST /wp-login.php HTTP/1.1" 200 1349 "-" "Mozilla/5.0 (compatible; MJ12bot/v1.4.8)"
85.23.99.201 - - [10/Apr/2026:12:14:00 +0000] "GET /contact HTTP/1.1" 200 672 "-" "Mozilla/5.0 (Macintosh; Intel Mac OS X 10_15_7) Safari/605.1.15"
85.23.201.88 - - [10/Apr/2026:11:55:00 +0000] "GET /images/logo.png HTTP/1.1" 200 4478 "-" "Mozilla/5.0 (Macintosh; Intel Mac OS X 10_15_7) Safari/605.1.15"
203.0.113.42 - - [10/Apr/2026:03:13:53 +0000] "GET /phpMyAdmin HTTP/1.1" 404 357 "-" "python-requests/2.28.0"
85.23.99.201 - - [10/Apr/2026:23:44:00 +0000] "GET /images/logo.png HTTP/1.1" 404 1300 "-" "Mozilla/5.0 (X11; Linux x86_64; rv:109.0) Gecko/20100101 Firefox/115.0"
85.23.14.77 - - [10/Apr/2026:19:52:00 +0000] "GET /contact HTTP/1.1" 200 4384 "-" "Mozilla/5.0 (Macintosh; Intel Mac OS X 10_15_7) Safari/605.1.15"
203.0.113.42 - - [10/Apr/2026:05:12:23 +0000] "GET /wp-admin HTTP/1.1" 404 349 "-" "python-requests/2.28.0"
85.23.142.33 - - [10/Apr/2026:15:08:00 +0000] "GET /js/main.js HTTP/1.1" 200 1235 "-" "Mozilla/5.0 (Macintosh; Intel Mac OS X 10_15_7) Safari/605.1.15"
203.0.113.42 - - [10/Apr/2026:07:24:02 +0000] "GET /.git/config HTTP/1.1" 404 143 "-" "python-requests/2.28.0"
85.23.99.201 - - [10/Apr/2026:08:29:00 +0000] "GET /js/main.js HTTP/1.1" 200 4185 "-" "Mozilla/5.0 (X11; Linux x86_64; rv:109.0) Gecko/20100101 Firefox/115.0"
203.0.113.42 - - [10/Apr/2026:06:49:19 +0000] "GET /.git/config HTTP/1.1" 404 306 "-" "python-requests/2.28.0"
85.23.67.14 - - [10/Apr/2026:18:47:00 +0000] "GET /services HTTP/1.1" 200 1248 "-" "Mozilla/5.0 (Macintosh; Intel Mac OS X 10_15_7) Safari/605.1.15"
198.51.100.17 - - [10/Apr/2026:03:40:22 +0000] "POST /wp-login.php HTTP/1.1" 200 2428 "-" "Mozilla/5.0 (compatible; MJ12bot/v1.4.8)"
198.51.100.17 - - [10/Apr/2026:03:46:18 +0000] "POST /wp-login.php HTTP/1.1" 200 1812 "-" "Mozilla/5.0 (compatible; MJ12bot/v1.4.8)"
203.0.113.42 - - [10/Apr/2026:07:08:14 +0000] "GET /wp-admin HTTP/1.1" 404 190 "-" "python-requests/2.28.0"
203.0.113.42 - - [10/Apr/2026:05:26:40 +0000] "GET /etc/passwd HTTP/1.1" 404 208 "-" "python-requests/2.28.0"
198.51.100.17 - - [10/Apr/2026:03:37:44 +0000] "POST /wp-login.php HTTP/1.1" 200 2988 "-" "Mozilla/5.0 (compatible; MJ12bot/v1.4.8)"
85.23.67.14 - - [10/Apr/2026:20:12:00 +0000] "GET /blog HTTP/1.1" 200 1950 "-" "Mozilla/5.0 (Macintosh; Intel Mac OS X 10_15_7) Safari/605.1.15"
198.51.100.17 - - [10/Apr/2026:03:35:36 +0000] "POST /wp-login.php HTTP/1.1" 200 2991 "-" "Mozilla/5.0 (compatible; MJ12bot/v1.4.8)"
198.51.100.17 - - [10/Apr/2026:03:31:00 +0000] "POST /wp-login.php HTTP/1.1" 200 2351 "-" "Mozilla/5.0 (compatible; MJ12bot/v1.4.8)"
203.0.113.42 - - [10/Apr/2026:08:03:47 +0000] "GET /xmlrpc.php HTTP/1.1" 404 117 "-" "python-requests/2.28.0"
203.0.113.42 - - [10/Apr/2026:05:54:50 +0000] "GET /phpMyAdmin HTTP/1.1" 404 248 "-" "python-requests/2.28.0"
203.0.113.42 - - [10/Apr/2026:07:04:34 +0000] "GET /phpMyAdmin HTTP/1.1" 404 110 "-" "python-requests/2.28.0"
85.23.99.201 - - [10/Apr/2026:19:04:00 +0000] "GET /about HTTP/1.1" 200 1279 "-" "Mozilla/5.0 (X11; Linux x86_64; rv:109.0) Gecko/20100101 Firefox/115.0"
85.23.142.33 - - [10/Apr/2026:10:52:00 +0000] "GET /about HTTP/1.1" 404 3285 "-" "Mozilla/5.0 (Windows NT 10.0; Win64; x64) AppleWebKit/537.36 Chrome/120.0"
198.51.100.17 - - [10/Apr/2026:03:42:23 +0000] "POST /wp-login.php HTTP/1.1" 200 1366 "-" "Mozilla/5.0 (compatible; MJ12bot/v1.4.8)"
203.0.113.42 - - [10/Apr/2026:07:40:35 +0000] "GET /xmlrpc.php HTTP/1.1" 404 106 "-" "python-requests/2.28.0"
85.23.14.77 - - [10/Apr/2026:06:36:00 +0000] "GET /images/logo.png HTTP/1.1" 200 3272 "-" "Mozilla/5.0 (X11; Linux x86_64; rv:109.0) Gecko/20100101 Firefox/115.0"
85.23.67.14 - - [10/Apr/2026:05:38:00 +0000] "GET /css/style.css HTTP/1.1" 200 716 "-" "Mozilla/5.0 (X11; Linux x86_64; rv:109.0) Gecko/20100101 Firefox/115.0"
85.23.201.88 - - [10/Apr/2026:12:33:00 +0000] "GET /index.html HTTP/1.1" 200 944 "-" "Mozilla/5.0 (Macintosh; Intel Mac OS X 10_15_7) Safari/605.1.15"
198.51.100.17 - - [10/Apr/2026:03:49:22 +0000] "POST /wp-login.php HTTP/1.1" 200 2675 "-" "Mozilla/5.0 (compatible; MJ12bot/v1.4.8)"
198.51.100.17 - - [10/Apr/2026:03:47:31 +0000] "POST /wp-login.php HTTP/1.1" 200 1610 "-" "Mozilla/5.0 (compatible; MJ12bot/v1.4.8)"
198.51.100.17 - - [10/Apr/2026:03:46:28 +0000] "POST /wp-login.php HTTP/1.1" 200 1979 "-" "Mozilla/5.0 (compatible; MJ12bot/v1.4.8)"
203.0.113.42 - - [10/Apr/2026:06:58:43 +0000] "GET /.git/config HTTP/1.1" 404 211 "-" "python-requests/2.28.0"
198.51.100.17 - - [10/Apr/2026:03:44:53 +0000] "POST /wp-login.php HTTP/1.1" 200 1693 "-" "Mozilla/5.0 (compatible; MJ12bot/v1.4.8)"
85.23.14.77 - - [10/Apr/2026:02:22:00 +0000] "GET /contact HTTP/1.1" 404 929 "-" "Mozilla/5.0 (Macintosh; Intel Mac OS X 10_15_7) Safari/605.1.15"
203.0.113.42 - - [10/Apr/2026:04:17:02 +0000] "GET /etc/passwd HTTP/1.1" 404 180 "-" "python-requests/2.28.0"
203.0.113.42 - - [10/Apr/2026:05:03:41 +0000] "GET /phpMyAdmin HTTP/1.1" 404 250 "-" "python-requests/2.28.0"
203.0.113.42 - - [10/Apr/2026:07:56:47 +0000] "GET /phpMyAdmin HTTP/1.1" 404 281 "-" "python-requests/2.28.0"
203.0.113.42 - - [10/Apr/2026:06:35:36 +0000] "GET /etc/passwd HTTP/1.1" 404 328 "-" "python-requests/2.28.0"
198.51.100.17 - - [10/Apr/2026:03:44:59 +0000] "POST /wp-login.php HTTP/1.1" 200 2231 "-" "Mozilla/5.0 (compatible; MJ12bot/v1.4.8)"
203.0.113.42 - - [10/Apr/2026:06:05:10 +0000] "GET /xmlrpc.php HTTP/1.1" 404 105 "-" "python-requests/2.28.0"
198.51.100.17 - - [10/Apr/2026:03:36:28 +0000] "POST /wp-login.php HTTP/1.1" 200 1400 "-" "Mozilla/5.0 (compatible; MJ12bot/v1.4.8)"
203.0.113.42 - - [10/Apr/2026:08:04:16 +0000] "GET /.env HTTP/1.1" 404 222 "-" "python-requests/2.28.0"
198.51.100.17 - - [10/Apr/2026:03:35:42 +0000] "POST /wp-login.php HTTP/1.1" 200 1313 "-" "Mozilla/5.0 (compatible; MJ12bot/v1.4.8)"
198.51.100.17 - - [10/Apr/2026:03:36:35 +0000] "POST /wp-login.php HTTP/1.1" 200 2834 "-" "Mozilla/5.0 (compatible; MJ12bot/v1.4.8)"
198.51.100.17 - - [10/Apr/2026:03:49:31 +0000] "POST /wp-login.php HTTP/1.1" 200 1244 "-" "Mozilla/5.0 (compatible; MJ12bot/v1.4.8)"
198.51.100.17 - - [10/Apr/2026:03:36:27 +0000] "POST /wp-login.php HTTP/1.1" 200 1430 "-" "Mozilla/5.0 (compatible; MJ12bot/v1.4.8)"
203.0.113.42 - - [10/Apr/2026:04:43:18 +0000] "GET /etc/passwd HTTP/1.1" 404 224 "-" "python-requests/2.28.0"
