198.51.100.17 - - [10/Apr/2026:03:43:29 +0000] "POST /wp-login.php HTTP/1.1" 200 1667 "-" "Mozilla/5.0 (compatible; MJ12bot/v1.4.8)"
85.23.142.33 - - [10/Apr/2026:02:22:00 +0000] "GET /services HTTP/1.1" 200 1110 "-" "Mozilla/5.0 (Windows NT 10.0; Win64; x64) AppleWebKit/537.36 Chrome/120.0"
203.0.113.42 - - [10/Apr/2026:07:48:25 +0000] "GET /phpMyAdmin HTTP/1.1" 404 347 "-" "python-requests/2.28.0"
203.0.113.42 - - [10/Apr/2026:07:23:48 +0000] "GET /phpMyAdmin HTTP/1.1" 404 259 "-" "python-requests/2.28.0"
85.23.67.14 - - [10/Apr/2026:23:09:00 +0000] "GET /images/logo.png HTTP/1.1" 301 1128 "-" "Mozilla/5.0 (Macintosh; Intel Mac OS X 10_15_7) Safari/605.1.15"
203.0.113.42 - - [10/Apr/2026:08:55:06 +0000] "GET /.env HTTP/1.1" 404 112 "-" "python-requests/2.28.0"
85.23.99.201 - - [10/Apr/2026:01:35:00 +0000] "GET /images/logo.png HTTP/1.1" 200 897 "-" "Mozilla/5.0 (X11; Linux x86_64; rv:109.0) Gecko/20100101 Firefox/115.0"
203.0.113.42 - - [10/Apr/2026:06:06:30 +0000] "GET /.git/config HTTP/1.1" 404 234 "-" "python-requests/2.28.0"
85.23.142.33 - - [10/Apr/2026:17:00:00 +0000] "GET /blog HTTP/1.1" 404 1962 "-" "Mozilla/5.0 (Macintosh; Intel Mac OS X 10_15_7) Safari/605.1.15"
198.51.100.17 - - [10/Apr/2026:03:41:19 +0000] "POST /wp-login.php HTTP/1.1" 200 1882 "-" "Mozilla/5.0 (compatible; MJ12bot/v1.4.8)"
85.23.14.77 - - [10/Apr/2026:01:49:00 +0000] "GET / HTTP/1.1" 200 3730 "-" "Mozilla/5.0 (X11; Linux x86_64; rv:109.0) Gecko/20100101 Firefox/115.0"
198.51.100.17 - - [10/Apr/2026:03:39:36 +0000] "POST /wp-login.php HTTP/1.1" 200 2606 "-" "Mozilla/5.0 (compatible; MJ12bot/v1.4.8)"
85.23.67.14 - - [10/Apr/2026:23:56:00 +0000] "GET /css/style.css HTTP/1.1" 301 3471 "-" "Mozilla/5.0 (Macintosh; Intel Mac OS X 10_15_7) Safari/605.1.15"
203.0.113.42 - - [10/Apr/2026:03:36:49 +0000] "GET /wp-admin HTTP/1.1" 404 326 "-" "python-requests/2.28.0"
198.51.100.17 - - [10/Apr/2026:03:41:58 +0000] "POST /wp-login.php HTTP/1.1" 200 1867 "-" "Mozilla/5.0 (compatible; MJ12bot/v1.4.8)"
198.51.100.17 - - [10/Apr/2026:03:42:58 +0000] "POST /wp-login.php HTTP/1.1" 200 1362 "-" "Mozilla/5.0 (compatible; MJ12bot/v1.4.8)"
198.51.100.17 - - [10/Apr/2026:03:31:36 +0000] "POST /wp-login.php HTTP/1.1" 200 2502 "-" "Mozilla/5.0 (compatible; MJ12bot/v1.4.8)"
85.23.14.77 - - [10/Apr/2026:18:02:00 +0000] "GET /images/logo.png HTTP/1.1" 200 3199 "-" "Mozilla/5.0 (Macintosh; Intel Mac OS X 10_15_7) Safari/605.1.15"
85.23.142.33 - - [10/Apr/2026:22:36:00 +0000] "GET /services HTTP/1.1" 200 2537 "-" "Mozilla/5.0 (Macintosh; Intel Mac OS X 10_15_7) Safari/605.1.15"
85.23.201.88 - - [10/Apr/2026:13:24:00 +0000] "GET /favicon.ico HTTP/1.1" 200 1421 "-" "Mozilla/5.0 (Windows NT 10.0; Win64; x64) AppleWebKit/537.36 Chrome/120.0"
198.51.100.17 - - [10/Apr/2026:03:32:32 +0000] "POST /wp-login.php HTTP/1.1" 200 1568 "-" "Mozilla/5.0 (compatible; MJ12bot/v1.4.8)"
203.0.113.42 - - [10/Apr/2026:05:35:12 +0000] "GET /xmlrpc.php HTTP/1.1" 404 236 "-" "python-requests/2.28.0"
198.51.100.17 - - [10/Apr/2026:03:46:20 +0000] "POST /wp-login.php HTTP/1.1" 200 1359 "-" "Mozilla/5.0 (compatible; MJ12bot/v1.4.8)"
85.23.14.77 - - [10/Apr/2026:13:58:00 +0000] "GET /css/style.css HTTP/1.1" 404 852 "-" "Mozilla/5.0 (X11; Linux x86_64; rv:109.0) Gecko/20100101 Firefox/115.0"
85.23.99.201 - - [10/Apr/2026:00:29:00 +0000] "GET /js/main.js HTTP/1.1" 200 1472 "-" "Mozilla/5.0 (Windows NT 10.0; Win64; x64) AppleWebKit/537.36 Chrome/120.0"
85.23.142.33 - - [10/Apr/2026:08:05:00 +0000] "GET / HTTP/1.1" 200 608 "-" "Mozilla/5.0 (Macintosh; Intel Mac OS X 10_15_7) Safari/605.1.15"
85.23.99.201 - - [10/Apr/2026:13:10:00 +0000] "GET /services HTTP/1.1" 200 3053 "-" "Mozilla/5.0 (Macintosh; Intel Mac OS X 10_15_7) Safari/605.1.15"
198.51.100.17 - - [10/Apr/2026:03:47:28 +0000] "POST /wp-login.php HTTP/1.1" 200 2028 "-" "Mozilla/5.0 (compatible; MJ12bot/v1.4.8)"
198.51.100.99 - - [10/Apr/2026:12:39:00 +0000] "GET /.git/config HTTP/1.1" 404 180 "-" "Nikto/2.1.6"
198.51.100.17 - - [10/Apr/2026:03:31:27 +0000] "POST /wp-login.php HTTP/1.1" 200 2832 "-" "Mozilla/5.0 (compatible; MJ12bot/v1.4.8)"
203.0.113.42 - - [10/Apr/2026:03:18:05 +0000] "GET /phpMyAdmin HTTP/1.1" 404 124 "-" "python-requests/2.28.0"
85.23.201.88 - - [10/Apr/2026:23:53:00 +0000] "GET /images/logo.png HTTP/1.1" 200 2990 "-" "Mozilla/5.0 (X11; Linux x86_64; rv:109.0) Gecko/20100101 Firefox/115.0"
203.0.113.42 - - [10/Apr/2026:06:19:30 +0000] "GET /wp-admin HTTP/1.1" 404 196 "-" "python-requests/2.28.0"
198.51.100.17 - - [10/Apr/2026:03:34:49 +0000] "POST /wp-login.php HTTP/1.1" 200 2197 "-" "Mozilla/5.0 (compatible; MJ12bot/v1.4.8)"
198.51.100.17 - - [10/Apr/2026:03:39:56 +0000] "POST /wp-login.php HTTP/1.1" 200 2257 "-" "Mozilla/5.0 (compatible; MJ12bot/v1.4.8)"
85.23.99.201 - - [10/Apr/2026:10:03:00 +0000] "GET /about HTTP/1.1" 404 2076 "-" "Mozilla/5.0 (Windows NT 10.0; Win64; x64) AppleWebKit/537.36 Chrome/120.0"
198.51.100.17 - - [10/Apr/2026:03:48:58 +0000] "POST /wp-login.php HTTP/1.1" 200 2273 "-" "Mozilla/5.0 (compatible; MJ12bot/v1.4.8)"
85.23.99.201 - - [10/Apr/2026:21:25:00 +0000] "GET /index.html HTTP/1.1" 200 1657 "-" "Mozilla/5.0 (Macintosh; Intel Mac OS X 10_15_7) Safari/605.1.15"
198.51.100.17 - - [10/Apr/2026:03:47:18 +0000] "POST /wp-login.php HTTP/1.1" 200 1597 "-" "Mozilla/5.0 (compatible; MJ12bot/v1.4.8)"
203.0.113.42 - - [10/Apr/2026:03:05:39 +0000] "GET /etc/passwd HTTP/1.1" 404 241 "-" "python-requests/2.28.0"
85.23.142.33 - - [10/Apr/2026:09:51:00 +0000] "GET /blog HTTP/1.1" 200 2027 "-" "Mozilla/5.0 (Macintosh; Intel Mac OS X 10_15_7) Safari/605.1.15"
85.23.142.33 - - [10/Apr/2026:19:00:00 +0000] "GET /images/logo.png HTTP/1.1" 200 1123 "-" "Mozilla/5.0 (Macintosh; Intel Mac OS X 10_15_7) Safari/605.1.15"
85.23.14.77 - - [10/Apr/2026:12:28:00 +0000] "GET /contact HTTP/1.1" 200 2614 "-" "Mozilla/5.0 (Macintosh; Intel Mac OS X 10_15_7) Safari/605.1.15"
198.51.100.17 - - [10/Apr/2026:03:48:17 +0000] "POST /wp-login.php HTTP/1.1" 200 2284 "-" "Mozilla/5.0 (compatible; MJ12bot/v1.4.8)"
85.23.99.201 - - [10/Apr/2026:07:14:00 +0000] "GET /css/style.css HTTP/1.1" 200 1077 "-" "Mozilla/5.0 (Macintosh; Intel Mac OS X 10_15_7) Safari/605.1.15"
85.23.142.33 - - [10/Apr/2026:16:22:00 +0000] "GET /favicon.ico HTTP/1.1" 200 3086 "-" "Mozilla/5.0 (X11; Linux x86_64; rv:109.0) Gecko/20100101 Firefox/115.0"
198.51.100.17 - - [10/Apr/2026:03:30:04 +0000] "POST /wp-login.php HTTP/1.1" 200 1441 "-" "Mozilla/5.0 (compatible; MJ12bot/v1.4.8)"
85.23.201.88 - - [10/Apr/2026:06:02:00 +0000] "GET / HTTP/1.1" 200 1861 "-" "Mozilla/5.0 (Windows NT 10.0; Win64; x64) AppleWebKit/537.36 Chrome/120.0"
198.51.100.17 - - [10/Apr/2026:03:45:47 +0000] "POST /wp-login.php HTTP/1.1" 200 2147 "-" "Mozilla/5.0 (compatible; MJ12bot/v1.4.8)"
198.51.100.17 - - [10/Apr/2026:03:42:27 +0000] "POST /wp-login.php HTTP/1.1" 200 1855 "-" "Mozilla/5.0 (compatible; MJ12bot/v1.4.8)"
203.0.113.42 - - [10/Apr/2026:05:25:00 +0000] "GET /phpMyAdmin HTTP/1.1" 404 159 "-" "python-requests/2.28.0"
203.0.113.42 - - [10/Apr/2026:05:59:27 +0000] "GET /phpMyAdmin HTTP/1.1" 404 115 "-" "python-requests/2.28.0"
198.51.100.17 - - [10/Apr/2026:03:32:02 +0000] "POST /wp-login.php HTTP/1.1" 200 1891 "-" "Mozilla/5.0 (compatible; MJ12bot/v1.4.8)"
198.51.100.17 - - [10/Apr/2026:03:47:23 +0000] "POST /wp-login.php HTTP/1.1" 200 2058 "-" "Mozilla/5.0 (compatible; MJ12bot/v1.4.8)"
198.51.100.17 - - [10/Apr/2026:03:49:05 +0000] "POST /wp-login.php HTTP/1.1" 200 2778 "-" "Mozilla/5.0 (compatible; MJ12bot/v1.4.8)"
203.0.113.42 - - [10/Apr/2026:08:18:58 +0000] "GET /.git/config HTTP/1.1" 404 378 "-" "python-requests/2.28.0"
85.23.99.201 - - [10/Apr/2026:06:26:00 +0000] "GET /images/logo.png HTTP/1.1" 404 3187 "-" "Mozilla/5.0 (Macintosh; Intel Mac OS X 10_15_7) Safari/605.1.15"
198.51.100.17 - - [10/Apr/2026:03:48:25 +0000] "POST /wp-login.php HTTP/1.1" 200 1996 "-" "Mozilla/5.0 (compatible; MJ12bot/v1.4.8)"
198.51.100.17 - - [10/Apr/2026:03:33:10 +0000] "POST /wp-login.php HTTP/1.1" 200 2913 "-" "Mozilla/5.0 (compatible; MJ12bot/v1.4.8)"
85.23.67.14 - - [10/Apr/2026:15:09:00 +0000] "GET / HTTP/1.1" 200 3870 "-" "Mozilla/5.0 (X11; Linux x86_64; rv:109.0) Gecko/20100101 Firefox/115.0"
198.51.100.17 - - [10/Apr/2026:03:37:05 +0000] "POST /wp-login.php HTTP/1.1" 200 2643 "-" "Mozilla/5.0 (compatible; MJ12bot/v1.4.8)"
198.51.100.17 - - [10/Apr/2026:03:31:35 +0000] "POST /wp-login.php HTTP/1.1" 200 1463 "-" "Mozilla/5.0 (compatible; MJ12bot/v1.4.8)"
85.23.14.77 - - [10/Apr/2026:05:00:00 +0000] "GET /services HTTP/1.1" 301 4684 "-" "Mozilla/5.0 (X11; Linux x86_64; rv:109.0) Gecko/20100101 Firefox/115.0"
203.0.113.42 - - [10/Apr/2026:06:46:41 +0000] "GET /.env HTTP/1.1" 404 103 "-" "python-requests/2.28.0"
85.23.99.201 - - [10/Apr/2026:09:30:00 +0000] "GET /services HTTP/1.1" 200 884 "-" "Mozilla/5.0 (Windows NT 10.0; Win64; x64) AppleWebKit/537.36 Chrome/120.0"
203.0.113.42 - - [10/Apr/2026:04:27:07 +0000] "GET /.env HTTP/1.1" 404 124 "-" "python-requests/2.28.0"
198.51.100.17 - - [10/Apr/2026:03:43:35 +0000] "POST /wp-login.php HTTP/1.1" 200 1524 "-" "Mozilla/5.0 (compatible; MJ12bot/v1.4.8)"
198.51.100.17 - - [10/Apr/2026:03:45:33 +0000] "POST /wp-login.php HTTP/1.1" 200 1817 "-" "Mozilla/5.0 (compatible; MJ12bot/v1.4.8)"
85.23.201.88 - - [10/Apr/2026:22:50:00 +0000] "GET /favicon.ico HTTP/1.1" 200 2683 "-" "Mozilla/5.0 (Windows NT 10.0; Win64; x64) AppleWebKit/537.36 Chrome/120.0"
85.23.201.88 - - [10/Apr/2026:04:42:00 +0000] "GET /blog HTTP/1.1" 200 633 "-" "Mozilla/5.0 (Windows NT 10.0; Win64; x64) AppleWebKit/537.36 Chrome/120.0"
203.0.113.42 - - [10/Apr/2026:07:45:49 +0000] "GET /.git/config HTTP/1.1" 404 372 "-" "python-requests/2.28.0"
198.51.100.17 - - [10/Apr/2026:03:32:23 +0000] "POST /wp-login.php HTTP/1.1" 200 2384 "-" "Mozilla/5.0 (compatible; MJ12bot/v1.4.8)"
198.51.100.17 - - [10/Apr/2026:03:48:14 +0000] "POST /wp-login.php HTTP/1.1" 200 2314 "-" "Mozilla/5.0 (compatible; MJ12bot/v1.4.8)"
85.23.99.201 - - [10/Apr/2026:16:07:00 +0000] "GET /js/main.js HTTP/1.1" 200 954 "-" "Mozilla/5.0 (Macintosh; Intel Mac OS X 10_15_7) Safari/605.1.15"
198.51.100.17 - - [10/Apr/2026:03:32:59 +0000] "POST /wp-login.php HTTP/1.1" 200 2426 "-" "Mozilla/5.0 (compatible; MJ12bot/v1.4.8)"
198.51.100.17 - - [10/Apr/2026:03:46:10 +0000] "POST /wp-login.php HTTP/1.1" 200 1517 "-" "Mozilla/5.0 (compatible; MJ12bot/v1.4.8)"
198.51.100.17 - - [10/Apr/2026:03:48:15 +0000] "POST /wp-login.php HTTP/1.1" 200 1017 "-" "Mozilla/5.0 (compatible; MJ12bot/v1.4.8)"
192.0.2.88 - - [10/Apr/2026:07:18:00 +0000] "GET /etc/passwd HTTP/1.1" 404 180 "-" "Nikto/2.1.6"
198.51.100.17 - - [10/Apr/2026:03:39:38 +0000] "POST /wp-login.php HTTP/1.1" 200 1224 "-" "Mozilla/5.0 (compatible; MJ12bot/v1.4.8)"
203.0.113.42 - - [10/Apr/2026:03:37:43 +0000] "GET /phpMyAdmin HTTP/1.1" 404 389 "-" "python-requests/2.28.0"
85.23.67.14 - - [10/Apr/2026:02:06:00 +0000] "GET /blog HTTP/1.1" 200 3716 "-" "Mozilla/5.0 (Macintosh; Intel Mac OS X 10_15_7) Safari/605.1.15"
198.51.100.17 - - [10/Apr/2026:03:34:27 +0000] "POST /wp-login.php HTTP/1.1" 200 2217 "-" "Mozilla/5.0 (compatible; MJ12bot/v1.4.8)"
198.51.100.17 - - [10/Apr/2026:03:41:05 +0000] "POST /wp-login.php HTTP/1.1" 200 1510 "-" "Mozilla/5.0 (compatible; MJ12bot/v1.4.8)"
203.0.113.42 - - [10/Apr/2026:04:16:04 +0000] "GET /xmlrpc.php HTTP/1.1" 404 228 "-" "python-requests/2.28.0"
198.51.100.17 - - [10/Apr/2026:03:41:59 +0000] "POST /wp-login.php HTTP/1.1" 200 1742 "-" "Mozilla/5.0 (compatible; MJ12bot/v1.4.8)"
198.51.100.17 - - [10/Apr/2026:03:43:35 +0000] "POST /wp-login.php HTTP/1.1" 200 1408 "-" "Mozilla/5.0 (compatible; MJ12bot/v1.4.8)"
198.51.100.17 - - [10/Apr/2026:03:47:24 +0000] "POST /wp-login.php HTTP/1.1" 200 1165 "-" "Mozilla/5.0 (compatible; MJ12bot/v1.4.8)"
203.0.113.42 - - [10/Apr/2026:07:44:56 +0000] "GET /xmlrpc.php HTTP/1.1" 404 178 "-" "python-requests/2.28.0"
85.23.14.77 - - [10/Apr/2026:03:27:00 +0000] "GET /about HTTP/1.1" 200 1638 "-" "Mozilla/5.0 (Windows NT 10.0; Win64; x64) AppleWebKit/537.36 Chrome/120.0"
198.51.100.17 - - [10/Apr/2026:03:46:33 +0000] "POST /wp-login.php HTTP/1.1" 200 2100 "-" "Mozilla/5.0 (compatible; MJ12bot/v1.4.8)"
85.23.142.33 - - [10/Apr/2026:12:30:00 +0000] "GET /images/logo.png HTTP/1.1" 200 2801 "-" "Mozilla/5.0 (Windows NT 10.0; Win64; x64) AppleWebKit/537.36 Chrome/120.0"
203.0.113.42 - - [10/Apr/2026:03:09:51 +0000] "GET /xmlrpc.php HTTP/1.1" 404 313 "-" "python-requests/2.28.0"
85.23.201.88 - - [10/Apr/2026:21:46:00 +0000] "GET /about HTTP/1.1" 200 4025 "-" "Mozilla/5.0 (Windows NT 10.0; Win64; x64) AppleWebKit/537.36 Chrome/120.0"
198.51.100.17 - - [10/Apr/2026:03:44:29 +0000] "POST /wp-login.php HTTP/1.1" 200 1403 "-" "Mozilla/5.0 (compatible; MJ12bot/v1.4.8)"
203.0.113.42 - - [10/Apr/2026:06:49:41 +0000] "GET /wp-admin HTTP/1.1" 404 164 "-" "python-requests/2.28.0"
198.51.100.17 - - [10/Apr/2026:03:30:55 +0000] "POST /wp-login.php HTTP/1.1" 200 1407 "-" "Mozilla/5.0 (compatible; MJ12bot/v1.4.8)"
198.51.100.17 - - [10/Apr/2026:03:38:58 +0000] "POST /wp-login.php HTTP/1.1" 200 2316 "-" "Mozilla/5.0 (compatible; MJ12bot/v1.4.8)"
85.23.142.33 - - [10/Apr/2026:15:08:00 +0000] "GET /index.html HTTP/1.1" 200 3081 "-" "Mozilla/5.0 (X11; Linux x86_64; rv:109.0) Gecko/20100101 Firefox/115.0"
85.23.142.33 - - [10/Apr/2026:13:16:00 +0000] "GET /index.html HTTP/1.1" 200 3358 "-" "Mozilla/5.0 (X11; Linux x86_64; rv:109.0) Gecko/20100101 Firefox/115.0"
85.23.201.88 - - [10/Apr/2026:00:10:00 +0000] "GET /contact HTTP/1.1" 200 807 "-" "Mozilla/5.0 (X11; Linux x86_64; rv:109.0) Gecko/20100101 Firefox/115.0"
203.0.113.42 - - [10/Apr/2026:07:10:35 +0000] "GET /.env HTTP/1.1" 404 102 "-" "python-requests/2.28.0"
203.0.113.42 - - [10/Apr/2026:03:57:09 +0000] "GET /etc/passwd HTTP/1.1" 404 334 "-" "python-requests/2.28.0"
198.51.100.17 - - [10/Apr/2026:03:47:27 +0000] "POST /wp-login.php HTTP/1.1" 200 2854 "-" "Mozilla/5.0 (compatible; MJ12bot/v1.4.8)"
203.0.113.42 - - [10/Apr/2026:06:15:32 +0000] "GET /etc/passwd HTTP/1.1" 404 373 "-" "python-requests/2.28.0"
198.51.100.17 - - [10/Apr/2026:03:41:14 +0000] "POST /wp-login.php HTTP/1.1" 200 2045 "-" "Mozilla/5.0 (compatible; MJ12bot/v1.4.8)"
85.23.67.14 - - [10/Apr/2026:17:16:00 +0000] "GET /favicon.ico HTTP/1.1" 200 1281 "-" "Mozilla/5.0 (Macintosh; Intel Mac OS X 10_15_7) Safari/605.1.15"
85.23.67.14 - - [10/Apr/2026:12:43:00 +0000] "GET /services HTTP/1.1" 200 4408 "-" "Mozilla/5.0 (Macintosh; Intel Mac OS X 10_15_7) Safari/605.1.15"
203.0.113.42 - - [10/Apr/2026:07:51:44 +0000] "GET /etc/passwd HTTP/1.1" 404 265 "-" "python-requests/2.28.0"
85.23.67.14 - - [10/Apr/2026:03:13:00 +0000] "GET /favicon.ico HTTP/1.1" 200 4648 "-" "Mozilla/5.0 (Macintosh; Intel Mac OS X 10_15_7) Safari/605.1.15"
198.51.100.17 - - [10/Apr/2026:03:47:34 +0000] "POST /wp-login.php HTTP/1.1" 200 2688 "-" "Mozilla/5.0 (compatible; MJ12bot/v1.4.8)"
198.51.100.17 - - [10/Apr/2026:03:36:13 +0000] "POST /wp-login.php HTTP/1.1" 200 2069 "-" "Mozilla/5.0 (compatible; MJ12bot/v1.4.8)"
198.51.100.17 - - [10/Apr/2026:03:49:38 +0000] "POST /wp-login.php HTTP/1.1" 200 2569 "-" "Mozilla/5.0 (compatible; MJ12bot/v1.4.8)"
203.0.113.42 - - [10/Apr/2026:04:18:58 +0000] "GET /.git/config HTTP/1.1" 404 291 "-" "python-requests/2.28.0"
198.51.100.17 - - [10/Apr/2026:03:44:53 +0000] "POST /wp-login.php HTTP/1.1" 200 2038 "-" "Mozilla/5.0 (compatible; MJ12bot/v1.4.8)"
85.23.99.201 - - [10/Apr/2026:10:39:00 +0000] "GET /about HTTP/1.1" 200 4373 "-" "Mozilla/5.0 (X11; Linux x86_64; rv:109.0) Gecko/20100101 Firefox/115.0"
85.23.14.77 - - [10/Apr/2026:20:44:00 +0000] "GET /blog HTTP/1.1" 301 3196 "-" "Mozilla/5.0 (Windows NT 10.0; Win64; x64) AppleWebKit/537.36 Chrome/120.0"
203.0.113.42 - - [10/Apr/2026:04:55:15 +0000] "GET /phpMyAdmin HTTP/1.1" 404 388 "-" "python-requests/2.28.0"
198.51.100.17 - - [10/Apr/2026:03:45:34 +0000] "POST /wp-login.php HTTP/1.1" 200 2312 "-" "Mozilla/5.0 (compatible; MJ12bot/v1.4.8)"
85.23.142.33 - - [10/Apr/2026:15:46:00 +0000] "GET /images/logo.png HTTP/1.1" 200 2866 "-" "Mozilla/5.0 (Macintosh; Intel Mac OS X 10_15_7) Safari/605.1.15"
198.51.100.17 - - [10/Apr/2026:03:39:12 +0000] "POST /wp-login.php HTTP/1.1" 200 1212 "-" "Mozilla/5.0 (compatible; MJ12bot/v1.4.8)"
85.23.99.201 - - [10/Apr/2026:21:25:00 +0000] "GET /images/logo.png HTTP/1.1" 200 2764 "-" "Mozilla/5.0 (Windows NT 10.0; Win64; x64) AppleWebKit/537.36 Chrome/120.0"
85.23.67.14 - - [10/Apr/2026:13:52:00 +0000] "GET /css/style.css HTTP/1.1" 200 3837 "-" "Mozilla/5.0 (X11; Linux x86_64; rv:109.0) Gecko/20100101 Firefox/115.0"
198.51.100.17 - - [10/Apr/2026:03:33:09 +0000] "POST /wp-login.php HTTP/1.1" 200 1470 "-" "Mozilla/5.0 (compatible; MJ12bot/v1.4.8)"
198.51.100.17 - - [10/Apr/2026:03:34:34 +0000] "POST /wp-login.php HTTP/1.1" 200 1600 "-" "Mozilla/5.0 (compatible; MJ12bot/v1.4.8)"
85.23.201.88 - - [10/Apr/2026:22:31:00 +0000] "GET /css/style.css HTTP/1.1" 200 4352 "-" "Mozilla/5.0 (X11; Linux x86_64; rv:109.0) Gecko/20100101 Firefox/115.0"
203.0.113.42 - - [10/Apr/2026:05:39:07 +0000] "GET /.git/config HTTP/1.1" 404 358 "-" "python-requests/2.28.0"
85.23.201.88 - - [10/Apr/2026:23:41:00 +0000] "GET /blog HTTP/1.1" 200 4196 "-" "Mozilla/5.0 (Windows NT 10.0; Win64; x64) AppleWebKit/537.36 Chrome/120.0"
203.0.113.42 - - [10/Apr/2026:06:04:51 +0000] "GET /etc/passwd HTTP/1.1" 404 239 "-" "python-requests/2.28.0"
85.23.201.88 - - [10/Apr/2026:20:16:00 +0000] "GET /services HTTP/1.1" 200 776 "-" "Mozilla/5.0 (X11; Linux x86_64; rv:109.0) Gecko/20100101 Firefox/115.0"
198.51.100.17 - - [10/Apr/2026:03:38:23 +0000] "POST /wp-login.php HTTP/1.1" 200 1185 "-" "Mozilla/5.0 (compatible; MJ12bot/v1.4.8)"
198.51.100.17 - - [10/Apr/2026:03:35:37 +0000] "POST /wp-login.php HTTP/1.1" 200 1442 "-" "Mozilla/5.0 (compatible; MJ12bot/v1.4.8)"
198.51.100.17 - - [10/Apr/2026:03:37:42 +0000] "POST /wp-login.php HTTP/1.1" 200 1644 "-" "Mozilla/5.0 (compatible; MJ12bot/v1.4.8)"
85.23.14.77 - - [10/Apr/2026:15:30:00 +0000] "GET /about HTTP/1.1" 200 731 "-" "Mozilla/5.0 (Windows NT 10.0; Win64; x64) AppleWebKit/537.36 Chrome/120.0"
203.0.113.42 - - [10/Apr/2026:05:00:11 +0000] "GET /phpMyAdmin HTTP/1.1" 404 219 "-" "python-requests/2.28.0"
203.0.113.42 - - [10/Apr/2026:05:36:17 +0000] "GET /etc/passwd HTTP/1.1" 404 178 "-" "python-requests/2.28.0"
198.51.100.17 - - [10/Apr/2026:03:39:00 +0000] "POST /wp-login.php HTTP/1.1" 200 2994 "-" "Mozilla/5.0 (compatible; MJ12bot/v1.4.8)"
203.0.113.42 - - [10/Apr/2026:05:12:55 +0000] "GET /.env HTTP/1.1" 404 287 "-" "python-requests/2.28.0"
85.23.99.201 - - [10/Apr/2026:10:27:00 +0000] "GET /images/logo.png HTTP/1.1" 200 1724 "-" "Mozilla/5.0 (Macintosh; Intel Mac OS X 10_15_7) Safari/605.1.15"
85.23.99.201 - - [10/Apr/2026:17:43:00 +0000] "GET / HTTP/1.1" 200 2079 "-" "Mozilla/5.0 (Macintosh; Intel Mac OS X 10_15_7) Safari/605.1.15"
198.51.100.17 - - [10/Apr/2026:03:40:09 +0000] "POST /wp-login.php HTTP/1.1" 200 2815 "-" "Mozilla/5.0 (compatible; MJ12bot/v1.4.8)"
203.0.113.42 - - [10/Apr/2026:04:41:42 +0000] "GET /.git/config HTTP/1.1" 404 156 "-" "python-requests/2.28.0"
85.23.201.88 - - [10/Apr/2026:16:53:00 +0000] "GET / HTTP/1.1" 200 4616 "-" "Mozilla/5.0 (X11; Linux x86_64; rv:109.0) Gecko/20100101 Firefox/115.0"
198.51.100.17 - - [10/Apr/2026:03:48:54 +0000] "POST /wp-login.php HTTP/1.1" 200 1891 "-" "Mozilla/5.0 (compatible; MJ12bot/v1.4.8)"
198.51.100.17 - - [10/Apr/2026:03:36:22 +0000] "POST /wp-login.php HTTP/1.1" 200 1883 "-" "Mozilla/5.0 (compatible; MJ12bot/v1.4.8)"
85.23.201.88 - - [10/Apr/2026:23:05:00 +0000] "GET /blog HTTP/1.1" 200 3130 "-" "Mozilla/5.0 (Macintosh; Intel Mac OS X 10_15_7) Safari/605.1.15"
203.0.113.42 - - [10/Apr/2026:03:57:17 +0000] "GET /wp-admin HTTP/1.1" 404 358 "-" "python-requests/2.28.0"
198.51.100.17 - - [10/Apr/2026:03:35:19 +0000] "POST /wp-login.php HTTP/1.1" 200 2467 "-" "Mozilla/5.0 (compatible; MJ12bot/v1.4.8)"
85.23.142.33 - - [10/Apr/2026:15:19:00 +0000] "GET /images/logo.png HTTP/1.1" 200 603 "-" "Mozilla/5.0 (X11; Linux x86_64; rv:109.0) Gecko/20100101 Firefox/115.0"
203.0.113.42 - - [10/Apr/2026:08:14:27 +0000] "GET /wp-admin HTTP/1.1" 404 340 "-" "python-requests/2.28.0"
85.23.201.88 - - [10/Apr/2026:19:59:00 +0000] "GET / HTTP/1.1" 200 1358 "-" "Mozilla/5.0 (Windows NT 10.0; Win64; x64) AppleWebKit/537.36 Chrome/120.0"
198.51.100.17 - - [10/Apr/2026:03:38:12 +0000] "POST /wp-login.php HTTP/1.1" 200 1650 "-" "Mozilla/5.0 (compatible; MJ12bot/v1.4.8)"
198.51.100.17 - - [10/Apr/2026:03:41:17 +0000] "POST /wp-login.php HTTP/1.1" 200 2981 "-" "Mozilla/5.0 (compatible; MJ12bot/v1.4.8)"
203.0.113.42 - - [10/Apr/2026:03:29:49 +0000] "GET /wp-admin HTTP/1.1" 404 102 "-" "python-requests/2.28.0"
203.0.113.42 - - [10/Apr/2026:06:10:12 +0000] "GET /.git/config HTTP/1.1" 404 107 "-" "python-requests/2.28.0"
198.51.100.17 - - [10/Apr/2026:03:44:21 +0000] "POST /wp-login.php HTTP/1.1" 200 2469 "-" "Mozilla/5.0 (compatible; MJ12bot/v1.4.8)"
203.0.113.42 - - [10/Apr/2026:04:28:46 +0000] "GET /wp-admin HTTP/1.1" 404 315 "-" "python-requests/2.28.0"
198.51.100.17 - - [10/Apr/2026:03:33:32 +0000] "POST /wp-login.php HTTP/1.1" 200 1047 "-" "Mozilla/5.0 (compatible; MJ12bot/v1.4.8)"
85.23.67.14 - - [10/Apr/2026:05:57:00 +0000] "GET /images/logo.png HTTP/1.1" 200 4515 "-" "Mozilla/5.0 (Macintosh; Intel Mac OS X 10_15_7) Safari/605.1.15"
85.23.201.88 - - [10/Apr/2026:16:40:00 +0000] "GET /blog HTTP/1.1" 200 2308 "-" "Mozilla/5.0 (Windows NT 10.0; Win64; x64) AppleWebKit/537.36 Chrome/120.0"
198.51.100.17 - - [10/Apr/2026:03:39:25 +0000] "POST /wp-login.php HTTP/1.1" 200 1441 "-" "Mozilla/5.0 (compatible; MJ12bot/v1.4.8)"
203.0.113.42 - - [10/Apr/2026:07:03:00 +0000] "GET /phpMyAdmin HTTP/1.1" 404 272 "-" "python-requests/2.28.0"
198.51.100.17 - - [10/Apr/2026:03:40:24 +0000] "POST /wp-login.php HTTP/1.1" 200 1372 "-" "Mozilla/5.0 (compatible; MJ12bot/v1.4.8)"
85.23.201.88 - - [10/Apr/2026:08:23:00 +0000] "GET /about HTTP/1.1" 200 2285 "-" "Mozilla/5.0 (Macintosh; Intel Mac OS X 10_15_7) Safari/605.1.15"
198.51.100.17 - - [10/Apr/2026:03:48:19 +0000] "POST /wp-login.php HTTP/1.1" 200 1065 "-" "Mozilla/5.0 (compatible; MJ12bot/v1.4.8)"
198.51.100.17 - - [10/Apr/2026:03:32:45 +0000] "POST /wp-login.php HTTP/1.1" 200 1892 "-" "Mozilla/5.0 (compatible; MJ12bot/v1.4.8)"
203.0.113.42 - - [10/Apr/2026:04:03:01 +0000] "GET /xmlrpc.php HTTP/1.1" 404 219 "-" "python-requests/2.28.0"
203.0.113.42 - - [10/Apr/2026:08:51:22 +0000] "GET /xmlrpc.php HTTP/1.1" 404 348 "-" "python-requests/2.28.0"
85.23.67.14 - - [10/Apr/2026:13:28:00 +0000] "GET /services HTTP/1.1" 200 2299 "-" "Mozilla/5.0 (Macintosh; Intel Mac OS X 10_15_7) Safari/605.1.15"
85.23.142.33 - - [10/Apr/2026:09:18:00 +0000] "GET /css/style.css HTTP/1.1" 200 1402 "-" "Mozilla/5.0 (Macintosh; Intel Mac OS X 10_15_7) Safari/605.1.15"
198.51.100.17 - - [10/Apr/2026:03:48:50 +0000] "POST /wp-login.php HTTP/1.1" 200 2055 "-" "Mozilla/5.0 (compatible; MJ12bot/v1.4.8)"
198.51.100.17 - - [10/Apr/2026:03:47:24 +0000] "POST /wp-login.php HTTP/1.1" 200 1291 "-" "Mozilla/5.0 (compatible; MJ12bot/v1.4.8)"
203.0.113.42 - - [10/Apr/2026:04:13:49 +0000] "GET /phpMyAdmin HTTP/1.1" 404 238 "-" "python-requests/2.28.0"
203.0.113.42 - - [10/Apr/2026:05:53:11 +0000] "GET /wp-admin HTTP/1.1" 404 138 "-" "python-requests/2.28.0"
198.51.100.17 - - [10/Apr/2026:03:39:41 +0000] "POST /wp-login.php HTTP/1.1" 200 2030 "-" "Mozilla/5.0 (compatible; MJ12bot/v1.4.8)"
85.23.201.88 - - [10/Apr/2026:16:51:00 +0000] "GET /services HTTP/1.1" 200 2089 "-" "Mozilla/5.0 (X11; Linux x86_64; rv:109.0) Gecko/20100101 Firefox/115.0"
85.23.99.201 - - [10/Apr/2026:22:01:00 +0000] "GET /services HTTP/1.1" 200 4559 "-" "Mozilla/5.0 (Macintosh; Intel Mac OS X 10_15_7) Safari/605.1.15"
198.51.100.17 - - [10/Apr/2026:03:37:26 +0000] "POST /wp-login.php HTTP/1.1" 200 1109 "-" "Mozilla/5.0 (compatible; MJ12bot/v1.4.8)"
198.51.100.17 - - [10/Apr/2026:03:41:09 +0000] "POST /wp-login.php HTTP/1.1" 200 2455 "-" "Mozilla/5.0 (compatible; MJ12bot/v1.4.8)"
198.51.100.17 - - [10/Apr/2026:03:42:33 +0000] "POST /wp-login.php HTTP/1.1" 200 2691 "-" "Mozilla/5.0 (compatible; MJ12bot/v1.4.8)"
85.23.14.77 - - [10/Apr/2026:18:31:00 +0000] "GET /css/style.css HTTP/1.1" 200 2530 "-" "Mozilla/5.0 (X11; Linux x86_64; rv:109.0) Gecko/20100101 Firefox/115.0"
85.23.142.33 - - [10/Apr/2026:04:19:00 +0000] "GET /about HTTP/1.1" 301 2367 "-" "Mozilla/5.0 (Windows NT 10.0; Win64; x64) AppleWebKit/537.36 Chrome/120.0"
85.23.99.201 - - [10/Apr/2026:20:53:00 +0000] "GET /index.html HTTP/1.1" 200 4858 "-" "Mozilla/5.0 (X11; Linux x86_64; rv:109.0) Gecko/20100101 Firefox/115.0"
198.51.100.17 - - [10/Apr/2026:03:31:36 +0000] "POST /wp-login.php HTTP/1.1" 200 2902 "-" "Mozilla/5.0 (compatible; MJ12bot/v1.4.8)"
203.0.113.42 - - [10/Apr/2026:08:00:50 +0000] "GET /wp-admin HTTP/1.1" 404 385 "-" "python-requests/2.28.0"
203.0.113.42 - - [10/Apr/2026:08:43:22 +0000] "GET /.env HTTP/1.1" 404 222 "-" "python-requests/2.28.0"
85.23.14.77 - - [10/Apr/2026:03:16:00 +0000] "GET /js/main.js HTTP/1.1" 200 676 "-" "Mozilla/5.0 (X11; Linux x86_64; rv:109.0) Gecko/20100101 Firefox/115.0"
198.51.100.17 - - [10/Apr/2026:03:32:58 +0000] "POST /wp-login.php HTTP/1.1" 200 2548 "-" "Mozilla/5.0 (compatible; MJ12bot/v1.4.8)"
198.51.100.17 - - [10/Apr/2026:03:43:49 +0000] "POST /wp-login.php HTTP/1.1" 200 1078 "-" "Mozilla/5.0 (compatible; MJ12bot/v1.4.8)"
85.23.99.201 - - [10/Apr/2026:04:02:00 +0000] "GET /js/main.js HTTP/1.1" 301 3907 "-" "Mozilla/5.0 (Windows NT 10.0; Win64; x64) AppleWebKit/537.36 Chrome/120.0"
85.23.99.201 - - [10/Apr/2026:07:27:00 +0000] "GET / HTTP/1.1" 200 2254 "-" "Mozilla/5.0 (Windows NT 10.0; Win64; x64) AppleWebKit/537.36 Chrome/120.0"
85.23.99.201 - - [10/Apr/2026:22:29:00 +0000] "GET /about HTTP/1.1" 301 1384 "-" "Mozilla/5.0 (Macintosh; Intel Mac OS X 10_15_7) Safari/605.1.15"
198.51.100.17 - - [10/Apr/2026:03:38:34 +0000] "POST /wp-login.php HTTP/1.1" 200 1221 "-" "Mozilla/5.0 (compatible; MJ12bot/v1.4.8)"
203.0.113.42 - - [10/Apr/2026:05:44:20 +0000] "GET /etc/passwd HTTP/1.1" 404 194 "-" "python-requests/2.28.0"
85.23.99.201 - - [10/Apr/2026:09:55:00 +0000] "GET /services HTTP/1.1" 200 3175 "-" "Mozilla/5.0 (X11; Linux x86_64; rv:109.0) Gecko/20100101 Firefox/115.0"
85.23.201.88 - - [10/Apr/2026:10:14:00 +0000] "GET /index.html HTTP/1.1" 200 2067 "-" "Mozilla/5.0 (Windows NT 10.0; Win64; x64) AppleWebKit/537.36 Chrome/120.0"
203.0.113.42 - - [10/Apr/2026:07:16:31 +0000] "GET /phpMyAdmin HTTP/1.1" 404 179 "-" "python-requests/2.28.0"
198.51.100.17 - - [10/Apr/2026:03:49:18 +0000] "POST /wp-login.php HTTP/1.1" 200 1337 "-" "Mozilla/5.0 (compatible; MJ12bot/v1.4.8)"
198.51.100.17 - - [10/Apr/2026:03:41:16 +0000] "POST /wp-login.php HTTP/1.1" 200 2353 "-" "Mozilla/5.0 (compatible; MJ12bot/v1.4.8)"
203.0.113.42 - - [10/Apr/2026:08:22:37 +0000] "GET /etc/passwd HTTP/1.1" 404 397 "-" "python-requests/2.28.0"
85.23.201.88 - - [10/Apr/2026:21:21:00 +0000] "GET /about HTTP/1.1" 200 4214 "-" "Mozilla/5.0 (Windows NT 10.0; Win64; x64) AppleWebKit/537.36 Chrome/120.0"
203.0.113.42 - - [10/Apr/2026:07:42:29 +0000] "GET /phpMyAdmin HTTP/1.1" 404 144 "-" "python-requests/2.28.0"
85.23.142.33 - - [10/Apr/2026:18:04:00 +0000] "GET /favicon.ico HTTP/1.1" 200 1845 "-" "Mozilla/5.0 (X11; Linux x86_64; rv:109.0) Gecko/20100101 Firefox/115.0"
85.23.14.77 - - [10/Apr/2026:12:31:00 +0000] "GET /css/style.css HTTP/1.1" 200 3262 "-" "Mozilla/5.0 (X11; Linux x86_64; rv:109.0) Gecko/20100101 Firefox/115.0"
198.51.100.17 - - [10/Apr/2026:03:39:27 +0000] "POST /wp-login.php HTTP/1.1" 200 1908 "-" "Mozilla/5.0 (compatible; MJ12bot/v1.4.8)"
85.23.99.201 - - [10/Apr/2026:09:01:00 +0000] "GET /favicon.ico HTTP/1.1" 200 627 "-" "Mozilla/5.0 (X11; Linux x86_64; rv:109.0) Gecko/20100101 Firefox/115.0"
85.23.201.88 - - [10/Apr/2026:09:27:00 +0000] "GET /js/main.js HTTP/1.1" 200 4619 "-" "Mozilla/5.0 (Windows NT 10.0; Win64; x64) AppleWebKit/537.36 Chrome/120.0"
203.0.113.42 - - [10/Apr/2026:07:15:24 +0000] "GET /etc/passwd HTTP/1.1" 404 329 "-" "python-requests/2.28.0"
198.51.100.17 - - [10/Apr/2026:03:41:01 +0000] "POST /wp-login.php HTTP/1.1" 200 1680 "-" "Mozilla/5.0 (compatible; MJ12bot/v1.4.8)"
198.51.100.17 - - [10/Apr/2026:03:46:52 +0000] "POST /wp-login.php HTTP/1.1" 200 2866 "-" "Mozilla/5.0 (compatible; MJ12bot/v1.4.8)"
198.51.100.17 - - [10/Apr/2026:03:49:45 +0000] "POST /wp-login.php HTTP/1.1" 200 1869 "-" "Mozilla/5.0 (compatible; MJ12bot/v1.4.8)"
198.51.100.17 - - [10/Apr/2026:03:47:37 +0000] "POST /wp-login.php HTTP/1.1" 200 1460 "-" "Mozilla/5.0 (compatible; MJ12bot/v1.4.8)"
203.0.113.42 - - [10/Apr/2026:07:43:29 +0000] "GET /.env HTTP/1.1" 404 349 "-" "python-requests/2.28.0"
85.23.14.77 - - [10/Apr/2026:22:24:00 +0000] "GET /blog HTTP/1.1" 200 1823 "-" "Mozilla/5.0 (Macintosh; Intel Mac OS X 10_15_7) Safari/605.1.15"
198.51.100.17 - - [10/Apr/2026:03:48:43 +0000] "POST /wp-login.php HTTP/1.1" 200 1940 "-" "Mozilla/5.0 (compatible; MJ12bot/v1.4.8)"
198.51.100.17 - - [10/Apr/2026:03:44:19 +0000] "POST /wp-login.php HTTP/1.1" 200 2492 "-" "Mozilla/5.0 (compatible; MJ12bot/v1.4.8)"
198.51.100.17 - - [10/Apr/2026:03:33:51 +0000] "POST /wp-login.php HTTP/1.1" 200 3000 "-" "Mozilla/5.0 (compatible; MJ12bot/v1.4.8)"
198.51.100.17 - - [10/Apr/2026:03:44:43 +0000] "POST /wp-login.php HTTP/1.1" 200 2079 "-" "Mozilla/5.0 (compatible; MJ12bot/v1.4.8)"
85.23.99.201 - - [10/Apr/2026:00:56:00 +0000] "GET /css/style.css HTTP/1.1" 200 1739 "-" "Mozilla/5.0 (Windows NT 10.0; Win64; x64) AppleWebKit/537.36 Chrome/120.0"
85.23.142.33 - - [10/Apr/2026:18:46:00 +0000] "GET / HTTP/1.1" 200 2290 "-" "Mozilla/5.0 (Macintosh; Intel Mac OS X 10_15_7) Safari/605.1.15"
85.23.201.88 - - [10/Apr/2026:02:27:00 +0000] "GET /contact HTTP/1.1" 200 4271 "-" "Mozilla/5.0 (Macintosh; Intel Mac OS X 10_15_7) Safari/605.1.15"
198.51.100.17 - - [10/Apr/2026:03:31:24 +0000] "POST /wp-login.php HTTP/1.1" 200 2326 "-" "Mozilla/5.0 (compatible; MJ12bot/v1.4.8)"
203.0.113.42 - - [10/Apr/2026:07:57:00 +0000] "GET /phpMyAdmin HTTP/1.1" 404 283 "-" "python-requests/2.28.0"
85.23.14.77 - - [10/Apr/2026:23:55:00 +0000] "GET /services HTTP/1.1" 200 889 "-" "Mozilla/5.0 (Windows NT 10.0; Win64; x64) AppleWebKit/537.36 Chrome/120.0"
198.51.100.17 - - [10/Apr/2026:03:35:07 +0000] "POST /wp-login.php HTTP/1.1" 200 2032 "-" "Mozilla/5.0 (compatible; MJ12bot/v1.4.8)"
85.23.142.33 - - [10/Apr/2026:02:24:00 +0000] "GET /favicon.ico HTTP/1.1" 200 4408 "-" "Mozilla/5.0 (Macintosh; Intel Mac OS X 10_15_7) Safari/605.1.15"
198.51.100.17 - - [10/Apr/2026:03:38:32 +0000] "POST /wp-login.php HTTP/1.1" 200 2100 "-" "Mozilla/5.0 (compatible; MJ12bot/v1.4.8)"
198.51.100.17 - - [10/Apr/2026:03:46:13 +0000] "POST /wp-login.php HTTP/1.1" 200 2285 "-" "Mozilla/5.0 (compatible; MJ12bot/v1.4.8)"
203.0.113.42 - - [10/Apr/2026:05:47:18 +0000] "GET /etc/passwd HTTP/1.1" 404 113 "-" "python-requests/2.28.0"
198.51.100.17 - - [10/Apr/2026:03:31:55 +0000] "POST /wp-login.php HTTP/1.1" 200 1305 "-" "Mozilla/5.0 (compatible; MJ12bot/v1.4.8)"
85.23.201.88 - - [10/Apr/2026:02:53:00 +0000] "GET /images/logo.png HTTP/1.1" 200 2496 "-" "Mozilla/5.0 (X11; Linux x86_64; rv:109.0) Gecko/20100101 Firefox/115.0"
203.0.113.42 - - [10/Apr/2026:05:17:16 +0000] "GET /wp-admin HTTP/1.1" 404 271 "-" "python-requests/2.28.0"
203.0.113.42 - - [10/Apr/2026:05:50:34 +0000] "GET /phpMyAdmin HTTP/1.1" 404 187 "-" "python-requests/2.28.0"
203.0.113.42 - - [10/Apr/2026:08:16:16 +0000] "GET /etc/passwd HTTP/1.1" 404 286 "-" "python-requests/2.28.0"
85.23.142.33 - - [10/Apr/2026:17:23:00 +0000] "GET /js/main.js HTTP/1.1" 200 583 "-" "Mozilla/5.0 (Windows NT 10.0; Win64; x64) AppleWebKit/537.36 Chrome/120.0"
198.51.100.17 - - [10/Apr/2026:03:42:46 +0000] "POST /wp-login.php HTTP/1.1" 200 1433 "-" "Mozilla/5.0 (compatible; MJ12bot/v1.4.8)"
85.23.14.77 - - [10/Apr/2026:21:18:00 +0000] "GET /index.html HTTP/1.1" 200 3980 "-" "Mozilla/5.0 (Macintosh; Intel Mac OS X 10_15_7) Safari/605.1.15"
198.51.100.17 - - [10/Apr/2026:03:33:48 +0000] "POST /wp-login.php HTTP/1.1" 200 1987 "-" "Mozilla/5.0 (compatible; MJ12bot/v1.4.8)"
198.51.100.17 - - [10/Apr/2026:03:32:15 +0000] "POST /wp-login.php HTTP/1.1" 200 1424 "-" "Mozilla/5.0 (compatible; MJ12bot/v1.4.8)"
198.51.100.17 - - [10/Apr/2026:03:30:16 +0000] "POST /wp-login.php HTTP/1.1" 200 1602 "-" "Mozilla/5.0 (compatible; MJ12bot/v1.4.8)"
203.0.113.42 - - [10/Apr/2026:08:37:03 +0000] "GET /xmlrpc.php HTTP/1.1" 404 185 "-" "python-requests/2.28.0"
203.0.113.42 - - [10/Apr/2026:03:28:12 +0000] "GET /phpMyAdmin HTTP/1.1" 404 360 "-" "python-requests/2.28.0"
203.0.113.42 - - [10/Apr/2026:03:08:19 +0000] "GET /.git/config HTTP/1.1" 404 274 "-" "python-requests/2.28.0"
198.51.100.17 - - [10/Apr/2026:03:49:43 +0000] "POST /wp-login.php HTTP/1.1" 200 1103 "-" "Mozilla/5.0 (compatible; MJ12bot/v1.4.8)"
203.0.113.42 - - [10/Apr/2026:08:45:23 +0000] "GET /phpMyAdmin HTTP/1.1" 404 169 "-" "python-requests/2.28.0"
203.0.113.42 - - [10/Apr/2026:05:35:09 +0000] "GET /wp-admin HTTP/1.1" 404 369 "-" "python-requests/2.28.0"
198.51.100.17 - - [10/Apr/2026:03:46:53 +0000] "POST /wp-login.php HTTP/1.1" 200 1582 "-" "Mozilla/5.0 (compatible; MJ12bot/v1.4.8)"
203.0.113.42 - - [10/Apr/2026:03:11:38 +0000] "GET /.git/config HTTP/1.1" 404 355 "-" "python-requests/2.28.0"
85.23.67.14 - - [10/Apr/2026:13:54:00 +0000] "GET /index.html HTTP/1.1" 404 1223 "-" "Mozilla/5.0 (Windows NT 10.0; Win64; x64) AppleWebKit/537.36 Chrome/120.0"
203.0.113.42 - - [10/Apr/2026:06:59:09 +0000] "GET /etc/passwd HTTP/1.1" 404 395 "-" "python-requests/2.28.0"
203.0.113.42 - - [10/Apr/2026:03:19:55 +0000] "GET /etc/passwd HTTP/1.1" 404 385 "-" "python-requests/2.28.0"
85.23.67.14 - - [10/Apr/2026:00:18:00 +0000] "GET /css/style.css HTTP/1.1" 200 2672 "-" "Mozilla/5.0 (Macintosh; Intel Mac OS X 10_15_7) Safari/605.1.15"
85.23.14.77 - - [10/Apr/2026:12:51:00 +0000] "GET /favicon.ico HTTP/1.1" 200 1071 "-" "Mozilla/5.0 (X11; Linux x86_64; rv:109.0) Gecko/20100101 Firefox/115.0"
198.51.100.17 - - [10/Apr/2026:03:41:04 +0000] "POST /wp-login.php HTTP/1.1" 200 1450 "-" "Mozilla/5.0 (compatible; MJ12bot/v1.4.8)"
198.51.100.17 - - [10/Apr/2026:03:42:26 +0000] "POST /wp-login.php HTTP/1.1" 200 1896 "-" "Mozilla/5.0 (compatible; MJ12bot/v1.4.8)"
203.0.113.42 - - [10/Apr/2026:05:43:05 +0000] "GET /.env HTTP/1.1" 404 238 "-" "python-requests/2.28.0"
203.0.113.42 - - [10/Apr/2026:04:30:05 +0000] "GET /.env HTTP/1.1" 404 378 "-" "python-requests/2.28.0"
85.23.201.88 - - [10/Apr/2026:17:38:00 +0000] "GET /css/style.css HTTP/1.1" 200 1838 "-" "Mozilla/5.0 (Macintosh; Intel Mac OS X 10_15_7) Safari/605.1.15"
198.51.100.17 - - [10/Apr/2026:03:49:28 +0000] "POST /wp-login.php HTTP/1.1" 200 1183 "-" "Mozilla/5.0 (compatible; MJ12bot/v1.4.8)"
203.0.113.42 - - [10/Apr/2026:05:28:44 +0000] "GET /xmlrpc.php HTTP/1.1" 404 304 "-" "python-requests/2.28.0"
198.51.100.17 - - [10/Apr/2026:03:49:36 +0000] "POST /wp-login.php HTTP/1.1" 200 2543 "-" "Mozilla/5.0 (compatible; MJ12bot/v1.4.8)"
203.0.113.42 - - [10/Apr/2026:07:54:46 +0000] "GET /.git/config HTTP/1.1" 404 246 "-" "python-requests/2.28.0"
85.23.201.88 - - [10/Apr/2026:10:57:00 +0000] "GET /contact HTTP/1.1" 301 4384 "-" "Mozilla/5.0 (Macintosh; Intel Mac OS X 10_15_7) Safari/605.1.15"
203.0.113.42 - - [10/Apr/2026:07:50:14 +0000] "GET /.git/config HTTP/1.1" 404 245 "-" "python-requests/2.28.0"
85.23.99.201 - - [10/Apr/2026:06:39:00 +0000] "GET /js/main.js HTTP/1.1" 200 2074 "-" "Mozilla/5.0 (Windows NT 10.0; Win64; x64) AppleWebKit/537.36 Chrome/120.0"
85.23.14.77 - - [10/Apr/2026:14:19:00 +0000] "GET /images/logo.png HTTP/1.1" 200 1386 "-" "Mozilla/5.0 (Windows NT 10.0; Win64; x64) AppleWebKit/537.36 Chrome/120.0"
85.23.99.201 - - [10/Apr/2026:19:20:00 +0000] "GET /services HTTP/1.1" 200 953 "-" "Mozilla/5.0 (Windows NT 10.0; Win64; x64) AppleWebKit/537.36 Chrome/120.0"
85.23.14.77 - - [10/Apr/2026:02:56:00 +0000] "GET /js/main.js HTTP/1.1" 200 2974 "-" "Mozilla/5.0 (Windows NT 10.0; Win64; x64) AppleWebKit/537.36 Chrome/120.0"
203.0.113.42 - - [10/Apr/2026:05:55:32 +0000] "GET /.env HTTP/1.1" 404 373 "-" "python-requests/2.28.0"
203.0.113.42 - - [10/Apr/2026:06:11:59 +0000] "GET /wp-admin HTTP/1.1" 404 239 "-" "python-requests/2.28.0"
85.23.14.77 - - [10/Apr/2026:10:54:00 +0000] "GET /contact HTTP/1.1" 200 1377 "-" "Mozilla/5.0 (X11; Linux x86_64; rv:109.0) Gecko/20100101 Firefox/115.0"
85.23.142.33 - - [10/Apr/2026:17:29:00 +0000] "GET /index.html HTTP/1.1" 200 3258 "-" "Mozilla/5.0 (Windows NT 10.0; Win64; x64) AppleWebKit/537.36 Chrome/120.0"
198.51.100.17 - - [10/Apr/2026:03:49:25 +0000] "POST /wp-login.php HTTP/1.1" 200 2722 "-" "Mozilla/5.0 (compatible; MJ12bot/v1.4.8)"
203.0.113.42 - - [10/Apr/2026:04:49:38 +0000] "GET /xmlrpc.php HTTP/1.1" 404 278 "-" "python-requests/2.28.0"
198.51.100.17 - - [10/Apr/2026:03:32:45 +0000] "POST /wp-login.php HTTP/1.1" 200 2114 "-" "Mozilla/5.0 (compatible; MJ12bot/v1.4.8)"
198.51.100.17 - - [10/Apr/2026:03:31:37 +0000] "POST /wp-login.php HTTP/1.1" 200 1617 "-" "Mozilla/5.0 (compatible; MJ12bot/v1.4.8)"
203.0.113.42 - - [10/Apr/2026:04:05:10 +0000] "GET /xmlrpc.php HTTP/1.1" 404 201 "-" "python-requests/2.28.0"
85.23.201.88 - - [10/Apr/2026:08:22:00 +0000] "GET /index.html HTTP/1.1" 200 4113 "-" "Mozilla/5.0 (Windows NT 10.0; Win64; x64) AppleWebKit/537.36 Chrome/120.0"
203.0.113.42 - - [10/Apr/2026:03:10:08 +0000] "GET /.git/config HTTP/1.1" 404 387 "-" "python-requests/2.28.0"
198.51.100.17 - - [10/Apr/2026:03:36:09 +0000] "POST /wp-login.php HTTP/1.1" 200 1824 "-" "Mozilla/5.0 (compatible; MJ12bot/v1.4.8)"
203.0.113.42 - - [10/Apr/2026:06:51:30 +0000] "GET /wp-admin HTTP/1.1" 404 281 "-" "python-requests/2.28.0"
85.23.67.14 - - [10/Apr/2026:17:11:00 +0000] "GET /services HTTP/1.1" 404 2558 "-" "Mozilla/5.0 (X11; Linux x86_64; rv:109.0) Gecko/20100101 Firefox/115.0"
198.51.100.17 - - [10/Apr/2026:03:41:23 +0000] "POST /wp-login.php HTTP/1.1" 200 1958 "-" "Mozilla/5.0 (compatible; MJ12bot/v1.4.8)"
203.0.113.42 - - [10/Apr/2026:05:08:12 +0000] "GET /xmlrpc.php HTTP/1.1" 404 326 "-" "python-requests/2.28.0"
203.0.113.42 - - [10/Apr/2026:03:20:08 +0000] "GET /wp-admin HTTP/1.1" 404 151 "-" "python-requests/2.28.0"
85.23.142.33 - - [10/Apr/2026:05:51:00 +0000] "GET /favicon.ico HTTP/1.1" 200 1047 "-" "Mozilla/5.0 (X11; Linux x86_64; rv:109.0) Gecko/20100101 Firefox/115.0"
198.51.100.17 - - [10/Apr/2026:03:49:39 +0000] "POST /wp-login.php HTTP/1.1" 200 2538 "-" "Mozilla/5.0 (compatible; MJ12bot/v1.4.8)"
198.51.100.17 - - [10/Apr/2026:03:39:00 +0000] "POST /wp-login.php HTTP/1.1" 200 2958 "-" "Mozilla/5.0 (compatible; MJ12bot/v1.4.8)"
203.0.113.42 - - [10/Apr/2026:08:18:18 +0000] "GET /wp-admin HTTP/1.1" 404 115 "-" "python-requests/2.28.0"
203.0.113.42 - - [10/Apr/2026:05:35:59 +0000] "GET /.git/config HTTP/1.1" 404 203 "-" "python-requests/2.28.0"
85.23.67.14 - - [10/Apr/2026:01:52:00 +0000] "GET /favicon.ico HTTP/1.1" 200 4348 "-" "Mozilla/5.0 (X11; Linux x86_64; rv:109.0) Gecko/20100101 Firefox/115.0"
85.23.201.88 - - [10/Apr/2026:13:20:00 +0000] "GET /js/main.js HTTP/1.1" 200 2478 "-" "Mozilla/5.0 (Windows NT 10.0; Win64; x64) AppleWebKit/537.36 Chrome/120.0"
203.0.113.42 - - [10/Apr/2026:08:19:09 +0000] "GET /.git/config HTTP/1.1" 404 377 "-" "python-requests/2.28.0"
85.23.201.88 - - [10/Apr/2026:13:12:00 +0000] "GET /blog HTTP/1.1" 301 3749 "-" "Mozilla/5.0 (Macintosh; Intel Mac OS X 10_15_7) Safari/605.1.15"
85.23.99.201 - - [10/Apr/2026:14:02:00 +0000] "GET /favicon.ico HTTP/1.1" 200 1421 "-" "Mozilla/5.0 (Windows NT 10.0; Win64; x64) AppleWebKit/537.36 Chrome/120.0"
85.23.99.201 - - [10/Apr/2026:04:26:00 +0000] "GET /contact HTTP/1.1" 200 1275 "-" "Mozilla/5.0 (Windows NT 10.0; Win64; x64) AppleWebKit/537.36 Chrome/120.0"
198.51.100.17 - - [10/Apr/2026:03:35:58 +0000] "POST /wp-login.php HTTP/1.1" 200 1436 "-" "Mozilla/5.0 (compatible; MJ12bot/v1.4.8)"
85.23.142.33 - - [10/Apr/2026:06:15:00 +0000] "GET /images/logo.png HTTP/1.1" 200 3190 "-" "Mozilla/5.0 (Windows NT 10.0; Win64; x64) AppleWebKit/537.36 Chrome/120.0"
198.51.100.17 - - [10/Apr/2026:03:49:32 +0000] "POST /wp-login.php HTTP/1.1" 200 2926 "-" "Mozilla/5.0 (compatible; MJ12bot/v1.4.8)"
198.51.100.17 - - [10/Apr/2026:03:34:50 +0000] "POST /wp-login.php HTTP/1.1" 200 2564 "-" "Mozilla/5.0 (compatible; MJ12bot/v1.4.8)"
85.23.142.33 - - [10/Apr/2026:08:05:00 +0000] "GET /services HTTP/1.1" 200 4436 "-" "Mozilla/5.0 (X11; Linux x86_64; rv:109.0) Gecko/20100101 Firefox/115.0"
85.23.99.201 - - [10/Apr/2026:09:27:00 +0000] "GET /about HTTP/1.1" 200 1949 "-" "Mozilla/5.0 (Macintosh; Intel Mac OS X 10_15_7) Safari/605.1.15"
85.23.201.88 - - [10/Apr/2026:20:09:00 +0000] "GET /css/style.css HTTP/1.1" 200 2637 "-" "Mozilla/5.0 (X11; Linux x86_64; rv:109.0) Gecko/20100101 Firefox/115.0"
85.23.14.77 - - [10/Apr/2026:10:36:00 +0000] "GET /images/logo.png HTTP/1.1" 200 2358 "-" "Mozilla/5.0 (Macintosh; Intel Mac OS X 10_15_7) Safari/605.1.15"
198.51.100.17 - - [10/Apr/2026:03:47:10 +0000] "POST /wp-login.php HTTP/1.1" 200 2411 "-" "Mozilla/5.0 (compatible; MJ12bot/v1.4.8)"
85.23.142.33 - - [10/Apr/2026:07:00:00 +0000] "GET / HTTP/1.1" 200 2585 "-" "Mozilla/5.0 (X11; Linux x86_64; rv:109.0) Gecko/20100101 Firefox/115.0"
203.0.113.42 - - [10/Apr/2026:05:45:23 +0000] "GET /.git/config HTTP/1.1" 404 325 "-" "python-requests/2.28.0"
203.0.113.42 - - [10/Apr/2026:08:15:09 +0000] "GET /.git/config HTTP/1.1" 404 100 "-" "python-requests/2.28.0"
85.23.99.201 - - [10/Apr/2026:20:40:00 +0000] "GET /contact HTTP/1.1" 200 2448 "-" "Mozilla/5.0 (Windows NT 10.0; Win64; x64) AppleWebKit/537.36 Chrome/120.0"
203.0.113.42 - - [10/Apr/2026:03:54:29 +0000] "GET /.env HTTP/1.1" 404 176 "-" "python-requests/2.28.0"
203.0.113.42 - - [10/Apr/2026:06:55:03 +0000] "GET /etc/passwd HTTP/1.1" 404 220 "-" "python-requests/2.28.0"
203.0.113.42 - - [10/Apr/2026:07:40:00 +0000] "GET /.git/config HTTP/1.1" 404 334 "-" "python-requests/2.28.0"
85.23.14.77 - - [10/Apr/2026:00:47:00 +0000] "GET /about HTTP/1.1" 200 1689 "-" "Mozilla/5.0 (X11; Linux x86_64; rv:109.0) Gecko/20100101 Firefox/115.0"
203.0.113.42 - - [10/Apr/2026:04:48:30 +0000] "GET /.env HTTP/1.1" 404 230 "-" "python-requests/2.28.0"
203.0.113.42 - - [10/Apr/2026:04:12:55 +0000] "GET /xmlrpc.php HTTP/1.1" 404 308 "-" "python-requests/2.28.0"
203.0.113.42 - - [10/Apr/2026:04:48:35 +0000] "GET /phpMyAdmin HTTP/1.1" 404 105 "-" "python-requests/2.28.0"
203.0.113.42 - - [10/Apr/2026:04:51:50 +0000] "GET /phpMyAdmin HTTP/1.1" 404 140 "-" "python-requests/2.28.0"
198.51.100.17 - - [10/Apr/2026:03:30:24 +0000] "POST /wp-login.php HTTP/1.1" 200 2860 "-" "Mozilla/5.0 (compatible; MJ12bot/v1.4.8)"
85.23.99.201 - - [10/Apr/2026:16:23:00 +0000] "GET /index.html HTTP/1.1" 200 1395 "-" "Mozilla/5.0 (Macintosh; Intel Mac OS X 10_15_7) Safari/605.1.15"
198.51.100.17 - - [10/Apr/2026:03:44:37 +0000] "POST /wp-login.php HTTP/1.1" 200 2103 "-" "Mozilla/5.0 (compatible; MJ12bot/v1.4.8)"
198.51.100.17 - - [10/Apr/2026:03:45:45 +0000] "POST /wp-login.php HTTP/1.1" 200 2970 "-" "Mozilla/5.0 (compatible; MJ12bot/v1.4.8)"
203.0.113.42 - - [10/Apr/2026:05:17:19 +0000] "GET /xmlrpc.php HTTP/1.1" 404 129 "-" "python-requests/2.28.0"
203.0.113.42 - - [10/Apr/2026:08:05:30 +0000] "GET /wp-admin HTTP/1.1" 404 139 "-" "python-requests/2.28.0"
198.51.100.17 - - [10/Apr/2026:03:49:54 +0000] "POST /wp-login.php HTTP/1.1" 200 1737 "-" "Mozilla/5.0 (compatible; MJ12bot/v1.4.8)"
85.23.201.88 - - [10/Apr/2026:13:59:00 +0000] "GET /images/logo.png HTTP/1.1" 200 4174 "-" "Mozilla/5.0 (Windows NT 10.0; Win64; x64) AppleWebKit/537.36 Chrome/120.0"
198.51.100.17 - - [10/Apr/2026:03:47:14 +0000] "POST /wp-login.php HTTP/1.1" 200 2113 "-" "Mozilla/5.0 (compatible; MJ12bot/v1.4.8)"
85.23.67.14 - - [10/Apr/2026:01:59:00 +0000] "GET /images/logo.png HTTP/1.1" 200 2331 "-" "Mozilla/5.0 (X11; Linux x86_64; rv:109.0) Gecko/20100101 Firefox/115.0"
203.0.113.42 - - [10/Apr/2026:05:52:26 +0000] "GET /phpMyAdmin HTTP/1.1" 404 134 "-" "python-requests/2.28.0"
203.0.113.42 - - [10/Apr/2026:03:24:23 +0000] "GET /etc/passwd HTTP/1.1" 404 178 "-" "python-requests/2.28.0"
192.0.2.88 - - [10/Apr/2026:19:34:00 +0000] "GET /.env HTTP/1.1" 404 180 "-" "Nikto/2.1.6"
198.51.100.17 - - [10/Apr/2026:03:36:31 +0000] "POST /wp-login.php HTTP/1.1" 200 2931 "-" "Mozilla/5.0 (compatible; MJ12bot/v1.4.8)"
198.51.100.17 - - [10/Apr/2026:03:32:24 +0000] "POST /wp-login.php HTTP/1.1" 200 2059 "-" "Mozilla/5.0 (compatible; MJ12bot/v1.4.8)"
203.0.113.42 - - [10/Apr/2026:04:43:29 +0000] "GET /etc/passwd HTTP/1.1" 404 115 "-" "python-requests/2.28.0"
85.23.67.14 - - [10/Apr/2026:09:06:00 +0000] "GET / HTTP/1.1" 200 2626 "-" "Mozilla/5.0 (X11; Linux x86_64; rv:109.0) Gecko/20100101 Firefox/115.0"
85.23.201.88 - - [10/Apr/2026:14:29:00 +0000] "GET /services HTTP/1.1" 200 4096 "-" "Mozilla/5.0 (X11; Linux x86_64; rv:109.0) Gecko/20100101 Firefox/115.0"
85.23.67.14 - - [10/Apr/2026:05:42:00 +0000] "GET /css/style.css HTTP/1.1" 200 3465 "-" "Mozilla/5.0 (X11; Linux x86_64; rv:109.0) Gecko/20100101 Firefox/115.0"
203.0.113.42 - - [10/Apr/2026:04:10:23 +0000] "GET /phpMyAdmin HTTP/1.1" 404 136 "-" "python-requests/2.28.0"
85.23.201.88 - - [10/Apr/2026:12:20:00 +0000] "GET /favicon.ico HTTP/1.1" 200 1045 "-" "Mozilla/5.0 (Macintosh; Intel Mac OS X 10_15_7) Safari/605.1.15"
198.51.100.17 - - [10/Apr/2026:03:32:01 +0000] "POST /wp-login.php HTTP/1.1" 200 1904 "-" "Mozilla/5.0 (compatible; MJ12bot/v1.4.8)"
198.51.100.17 - - [10/Apr/2026:03:37:05 +0000] "POST /wp-login.php HTTP/1.1" 200 1990 "-" "Mozilla/5.0 (compatible; MJ12bot/v1.4.8)"
198.51.100.17 - - [10/Apr/2026:03:34:28 +0000] "POST /wp-login.php HTTP/1.1" 200 1657 "-" "Mozilla/5.0 (compatible; MJ12bot/v1.4.8)"
198.51.100.17 - - [10/Apr/2026:03:41:03 +0000] "POST /wp-login.php HTTP/1.1" 200 2660 "-" "Mozilla/5.0 (compatible; MJ12bot/v1.4.8)"
85.23.14.77 - - [10/Apr/2026:04:54:00 +0000] "GET /favicon.ico HTTP/1.1" 200 2340 "-" "Mozilla/5.0 (Macintosh; Intel Mac OS X 10_15_7) Safari/605.1.15"
198.51.100.17 - - [10/Apr/2026:03:40:16 +0000] "POST /wp-login.php HTTP/1.1" 200 2436 "-" "Mozilla/5.0 (compatible; MJ12bot/v1.4.8)"
85.23.99.201 - - [10/Apr/2026:09:32:00 +0000] "GET / HTTP/1.1" 404 3960 "-" "Mozilla/5.0 (Macintosh; Intel Mac OS X 10_15_7) Safari/605.1.15"
198.51.100.17 - - [10/Apr/2026:03:46:56 +0000] "POST /wp-login.php HTTP/1.1" 200 1967 "-" "Mozilla/5.0 (compatible; MJ12bot/v1.4.8)"
85.23.67.14 - - [10/Apr/2026:08:12:00 +0000] "GET /contact HTTP/1.1" 200 2863 "-" "Mozilla/5.0 (X11; Linux x86_64; rv:109.0) Gecko/20100101 Firefox/115.0"
198.51.100.17 - - [10/Apr/2026:03:39:01 +0000] "POST /wp-login.php HTTP/1.1" 200 2794 "-" "Mozilla/5.0 (compatible; MJ12bot/v1.4.8)"
85.23.14.77 - - [10/Apr/2026:22:37:00 +0000] "GET /contact HTTP/1.1" 200 1550 "-" "Mozilla/5.0 (Windows NT 10.0; Win64; x64) AppleWebKit/537.36 Chrome/120.0"
203.0.113.42 - - [10/Apr/2026:05:19:16 +0000] "GET /phpMyAdmin HTTP/1.1" 404 312 "-" "python-requests/2.28.0"
198.51.100.17 - - [10/Apr/2026:03:44:21 +0000] "POST /wp-login.php HTTP/1.1" 200 1342 "-" "Mozilla/5.0 (compatible; MJ12bot/v1.4.8)"
85.23.201.88 - - [10/Apr/2026:15:29:00 +0000] "GET /contact HTTP/1.1" 200 3457 "-" "Mozilla/5.0 (Windows NT 10.0; Win64; x64) AppleWebKit/537.36 Chrome/120.0"
85.23.14.77 - - [10/Apr/2026:07:41:00 +0000] "GET /css/style.css HTTP/1.1" 200 2810 "-" "Mozilla/5.0 (Macintosh; Intel Mac OS X 10_15_7) Safari/605.1.15"
203.0.113.42 - - [10/Apr/2026:06:32:50 +0000] "GET /phpMyAdmin HTTP/1.1" 404 139 "-" "python-requests/2.28.0"
85.23.201.88 - - [10/Apr/2026:10:31:00 +0000] "GET /contact HTTP/1.1" 200 1742 "-" "Mozilla/5.0 (Windows NT 10.0; Win64; x64) AppleWebKit/537.36 Chrome/120.0"
85.23.142.33 - - [10/Apr/2026:10:06:00 +0000] "GET /index.html HTTP/1.1" 200 968 "-" "Mozilla/5.0 (Windows NT 10.0; Win64; x64) AppleWebKit/537.36 Chrome/120.0"
203.0.113.42 - - [10/Apr/2026:03:09:19 +0000] "GET /wp-admin HTTP/1.1" 404 207 "-" "python-requests/2.28.0"
85.23.201.88 - - [10/Apr/2026:00:52:00 +0000] "GET /services HTTP/1.1" 200 3807 "-" "Mozilla/5.0 (X11; Linux x86_64; rv:109.0) Gecko/20100101 Firefox/115.0"
85.23.67.14 - - [10/Apr/2026:19:13:00 +0000] "GET /js/main.js HTTP/1.1" 200 4092 "-" "Mozilla/5.0 (Macintosh; Intel Mac OS X 10_15_7) Safari/605.1.15"
85.23.99.201 - - [10/Apr/2026:09:09:00 +0000] "GET /favicon.ico HTTP/1.1" 200 2939 "-" "Mozilla/5.0 (X11; Linux x86_64; rv:109.0) Gecko/20100101 Firefox/115.0"
198.51.100.17 - - [10/Apr/2026:03:30:02 +0000] "POST /wp-login.php HTTP/1.1" 200 2578 "-" "Mozilla/5.0 (compatible; MJ12bot/v1.4.8)"
85.23.99.201 - - [10/Apr/2026:21:56:00 +0000] "GET /blog HTTP/1.1" 301 856 "-" "Mozilla/5.0 (Windows NT 10.0; Win64; x64) AppleWebKit/537.36 Chrome/120.0"
203.0.113.42 - - [10/Apr/2026:03:56:38 +0000] "GET /phpMyAdmin HTTP/1.1" 404 368 "-" "python-requests/2.28.0"
198.51.100.17 - - [10/Apr/2026:03:31:49 +0000] "POST /wp-login.php HTTP/1.1" 200 2077 "-" "Mozilla/5.0 (compatible; MJ12bot/v1.4.8)"
198.51.100.17 - - [10/Apr/2026:03:36:44 +0000] "POST /wp-login.php HTTP/1.1" 200 2958 "-" "Mozilla/5.0 (compatible; MJ12bot/v1.4.8)"
203.0.113.42 - - [10/Apr/2026:06:55:49 +0000] "GET /xmlrpc.php HTTP/1.1" 404 189 "-" "python-requests/2.28.0"
198.51.100.17 - - [10/Apr/2026:03:32:32 +0000] "POST /wp-login.php HTTP/1.1" 200 2287 "-" "Mozilla/5.0 (compatible; MJ12bot/v1.4.8)"
198.51.100.17 - - [10/Apr/2026:03:35:58 +0000] "POST /wp-login.php HTTP/1.1" 200 1332 "-" "Mozilla/5.0 (compatible; MJ12bot/v1.4.8)"
198.51.100.17 - - [10/Apr/2026:03:49:48 +0000] "POST /wp-login.php HTTP/1.1" 200 1262 "-" "Mozilla/5.0 (compatible; MJ12bot/v1.4.8)"
198.51.100.17 - - [10/Apr/2026:03:39:33 +0000] "POST /wp-login.php HTTP/1.1" 200 2693 "-" "Mozilla/5.0 (compatible; MJ12bot/v1.4.8)"
85.23.99.201 - - [10/Apr/2026:16:08:00 +0000] "GET /services HTTP/1.1" 200 1888 "-" "Mozilla/5.0 (X11; Linux x86_64; rv:109.0) Gecko/20100101 Firefox/115.0"
203.0.113.42 - - [10/Apr/2026:07:59:12 +0000] "GET /.git/config HTTP/1.1" 404 372 "-" "python-requests/2.28.0"
85.23.67.14 - - [10/Apr/2026:22:58:00 +0000] "GET /contact HTTP/1.1" 200 1686 "-" "Mozilla/5.0 (Macintosh; Intel Mac OS X 10_15_7) Safari/605.1.15"
